
ROM used:   971/8192 (12%)
            971/8192 (12%) including unused fragments

            0.8 Average locations per line
            5.5 Average locations per statement

RAM used:   18/368 (5%) at main() level
            29/368 (8%) worst case

Stack used: 5 worst case (5 in main + 0 for interrupts)
Stack size: 8

Lines Stmts  %   Files
----- ----- ---  -----
   50    36  20  i2c.c
   97    40  23  i2c.h
  620     0   0  ..\..\..\..\..\..\Program Files (x86)\PICC\Devices\16F876A.h
  456   100  57  ..\..\..\..\..\..\Program Files (x86)\PICC\Drivers\lcd.c
----- -----
 1223   176 Total

Page ROM  %  RAM   Vol Diff  Functions:
---- --- --- ---   --- ----  ----------
 Inline         3             @I2C_READ_1
0     74   8    1             @I2C_WRITE_1
0     21   2    1             @delay_ms1
 Inline         3   760  4.5  lcd_read_byte
0     37   4    2   262  3.7  lcd_read_nibble
0     25   3    1   399  2.4  lcd_send_nibble
0     67   7    3   415  3.7  lcd_send_byte
 Inline         6   852  6.2  lcd_init
0     18   2    4   208  6.3  lcd_gotoxy
0     44   5    1   354  4.7  lcd_putc
0    102  11    0   310  1.4  sys_init
 Inline         3   174  2.0  i2c_eeprom_write
0    137  14    3   248  3.0  i2c_eeprom_read
0    142  15    3   333  2.8  write_eeprom_i2c
0    226  23    2  1135  6.3  MAIN
0     21   2    3             @DIV88
0     53   5    2             @PRINTF_U_637
 Inline         0             @cinit1

Program metrics:
    Functions               12
    Statements              176
    Comments                216
    Volume (V)              8742
    Difficulty (D)          45.6
    Effort to implement (E) 398686
    Time to implement (T)   6 hours, 9 minutes
    Est Delivered Bugs (B)  2
    Cyclomatic Complexity   12
    Maintainability (MI)    107

 Segment     Used  Free
-----------  ----  ----
00000-00003     4  0  
00004-007FF   967  1077  
00800-00FFF     0  2048  
01000-017FF     0  2048  
01800-01FFF     0  2048  



