
ROM used:   1390/8192 (17%)
            1390/8192 (17%) including unused fragments

            1.2 Average locations per line
            11.3 Average locations per statement

RAM used:   14/368 (4%) at main() level
            43/368 (12%) worst case

Stack used: 5 worst case (5 in main + 0 for interrupts)
Stack size: 8

Lines Stmts  %   Files
----- ----- ---  -----
   23    12  10  adc.c
   40    11   9  adc.h
  620     0   0  ..\..\..\..\..\..\Program Files (x86)\PICC\Devices\16F876A.h
  456   100  81  ..\..\..\..\..\..\Program Files (x86)\PICC\Drivers\lcd.c
----- -----
 1139   123 Total

Page ROM  %  RAM   Vol Diff  Functions:
---- --- --- ---   --- ----  ----------
0     21   2    1             @delay_ms1
 Inline         3   760  4.5  lcd_read_byte
0     49   4    2   262  3.7  lcd_read_nibble
0     43   3    1   399  2.4  lcd_send_nibble
0     92   7    3   415  3.7  lcd_send_byte
 Inline         6   852  6.2  lcd_init
0     18   1    4   208  6.3  lcd_gotoxy
0     44   3    1   354  4.7  lcd_putc
0    110   8    0   188  1.4  sys
0    110   8    4   284  3.0  MAIN
0      6   0    0             @const644
0     88   6    4             @PSTRINGC7_626
0     31   2    2             @ITOF
0    117   8   13             @MULFF
 Inline        16             @ADDFF
 Inline         5             @FTOSD
0     79   6   13             @DIV3232
0    578  42   13             @PRINTF_L32D_626FPFPFR
 Inline         0             @cinit1

Program metrics:
    Functions               9
    Statements              123
    Comments                216
    Volume (V)              5780
    Difficulty (D)          34.2
    Effort to implement (E) 197832
    Time to implement (T)   3 hours, 3 minutes
    Est Delivered Bugs (B)  1
    Cyclomatic Complexity   8
    Maintainability (MI)    143

 Segment     Used  Free
-----------  ----  ----
00000-00003     4  0  
00004-007FF  1386  658  
00800-00FFF     0  2048  
01000-017FF     0  2048  
01800-01FFF     0  2048  



