CCS PCM C Compiler, Version 5.015, 5967               15-May-25 17:53

               Filename:   C:\Users\Ahmed Olalekan\Desktop\practice\Opstep\ADC\adc.lst

               ROM used:   1390 words (17%)
                           Largest free fragment is 2048
               RAM used:   14 (4%) at main() level
                           43 (12%) worst case
               Stack used: 5 locations
               Stack size: 8

*
0000:  MOVLW  05
0001:  MOVWF  0A
0002:  GOTO   500
0003:  NOP
.................... #include <adc.h> 
.................... #include <16F876A.h> 
.................... //////////// Standard Header file for the PIC16F876A device //////////////// 
.................... /////////////////////////////////////////////////////////////////////////// 
.................... ////        (C) Copyright 1996, 2013 Custom Computer Services          //// 
.................... //// This source code may only be used by licensed users of the CCS C  //// 
.................... //// compiler.  This source code may only be distributed to other      //// 
.................... //// licensed users of the CCS C compiler.  No other use, reproduction //// 
.................... //// or distribution is permitted without written permission.          //// 
.................... //// Derivative programs created using this software in object code    //// 
.................... //// form are not restricted in any way.                               //// 
.................... /////////////////////////////////////////////////////////////////////////// 
.................... #device PIC16F876A 
0004:  DATA 41,22
0005:  DATA 43,10
0006:  DATA CC,24
0007:  DATA CE,22
0008:  DATA A0,18
0009:  DATA 00,00
*
0183:  MOVF   0B,W
0184:  MOVWF  25
0185:  BCF    0B.7
0186:  BSF    03.5
0187:  BSF    03.6
0188:  BSF    0C.7
0189:  BSF    0C.0
018A:  NOP
018B:  NOP
018C:  BCF    03.5
018D:  BCF    03.6
018E:  BTFSC  25.7
018F:  BSF    0B.7
0190:  BSF    03.6
0191:  MOVF   0C,W
0192:  ANDLW  7F
0193:  BTFSC  03.2
0194:  GOTO   1D7
0195:  BCF    03.6
0196:  MOVWF  25
0197:  BSF    03.6
0198:  MOVF   0D,W
0199:  BCF    03.6
019A:  MOVWF  26
019B:  BSF    03.6
019C:  MOVF   0F,W
019D:  BCF    03.6
019E:  MOVWF  27
019F:  MOVF   25,W
01A0:  MOVWF  36
01A1:  CALL   0E9
01A2:  MOVF   26,W
01A3:  BSF    03.6
01A4:  MOVWF  0D
01A5:  BCF    03.6
01A6:  MOVF   27,W
01A7:  BSF    03.6
01A8:  MOVWF  0F
01A9:  BCF    03.6
01AA:  MOVF   0B,W
01AB:  MOVWF  28
01AC:  BCF    0B.7
01AD:  BSF    03.5
01AE:  BSF    03.6
01AF:  BSF    0C.7
01B0:  BSF    0C.0
01B1:  NOP
01B2:  NOP
01B3:  BCF    03.5
01B4:  BCF    03.6
01B5:  BTFSC  28.7
01B6:  BSF    0B.7
01B7:  BSF    03.6
01B8:  RLF    0C,W
01B9:  RLF    0E,W
01BA:  ANDLW  7F
01BB:  BTFSC  03.2
01BC:  GOTO   1D7
01BD:  BCF    03.6
01BE:  MOVWF  25
01BF:  BSF    03.6
01C0:  MOVF   0D,W
01C1:  BCF    03.6
01C2:  MOVWF  26
01C3:  BSF    03.6
01C4:  MOVF   0F,W
01C5:  BCF    03.6
01C6:  MOVWF  27
01C7:  MOVF   25,W
01C8:  MOVWF  36
01C9:  CALL   0E9
01CA:  MOVF   26,W
01CB:  BSF    03.6
01CC:  MOVWF  0D
01CD:  BCF    03.6
01CE:  MOVF   27,W
01CF:  BSF    03.6
01D0:  MOVWF  0F
01D1:  INCF   0D,F
01D2:  BTFSC  03.2
01D3:  INCF   0F,F
01D4:  BCF    03.6
01D5:  GOTO   183
01D6:  BSF    03.6
01D7:  BCF    03.6
01D8:  BCF    0A.3
01D9:  BCF    0A.4
01DA:  GOTO   51E (RETURN)
01DB:  MOVLW  8E
01DC:  MOVWF  77
01DD:  MOVF   26,W
01DE:  MOVWF  78
01DF:  MOVF   25,W
01E0:  MOVWF  79
01E1:  CLRF   7A
01E2:  MOVF   78,F
01E3:  BTFSS  03.2
01E4:  GOTO   1EF
01E5:  MOVF   79,W
01E6:  MOVWF  78
01E7:  CLRF   79
01E8:  MOVLW  08
01E9:  SUBWF  77,F
01EA:  MOVF   78,F
01EB:  BTFSS  03.2
01EC:  GOTO   1EF
01ED:  CLRF   77
01EE:  GOTO   1F7
01EF:  BCF    03.0
01F0:  BTFSC  78.7
01F1:  GOTO   1F6
01F2:  RLF    79,F
01F3:  RLF    78,F
01F4:  DECF   77,F
01F5:  GOTO   1EF
01F6:  BCF    78.7
01F7:  BCF    0A.3
01F8:  BCF    0A.4
01F9:  GOTO   534 (RETURN)
01FA:  MOVF   36,W
01FB:  BTFSC  03.2
01FC:  GOTO   26A
01FD:  MOVWF  3E
01FE:  MOVF   3A,W
01FF:  BTFSC  03.2
0200:  GOTO   26A
0201:  ADDWF  3E,F
0202:  BTFSC  03.0
0203:  GOTO   20B
0204:  MOVLW  7F
0205:  SUBWF  3E,F
0206:  BTFSS  03.0
0207:  GOTO   26A
0208:  BTFSC  03.2
0209:  GOTO   26A
020A:  GOTO   20F
020B:  MOVLW  81
020C:  ADDWF  3E,F
020D:  BTFSC  03.0
020E:  GOTO   26A
020F:  MOVF   3E,W
0210:  MOVWF  77
0211:  CLRF   78
0212:  CLRF   79
0213:  CLRF   7A
0214:  MOVF   37,W
0215:  MOVWF  42
0216:  BSF    42.7
0217:  MOVF   38,W
0218:  MOVWF  41
0219:  MOVF   39,W
021A:  MOVWF  40
021B:  MOVLW  18
021C:  MOVWF  3E
021D:  CLRF   3F
021E:  BTFSS  40.0
021F:  GOTO   238
0220:  MOVF   3D,W
0221:  ADDWF  7A,F
0222:  BTFSS  03.0
0223:  GOTO   22A
0224:  INCF   79,F
0225:  BTFSS  03.2
0226:  GOTO   22A
0227:  INCF   78,F
0228:  BTFSC  03.2
0229:  BSF    3F.7
022A:  MOVF   3C,W
022B:  ADDWF  79,F
022C:  BTFSS  03.0
022D:  GOTO   231
022E:  INCF   78,F
022F:  BTFSC  03.2
0230:  BSF    3F.7
0231:  MOVF   3B,W
0232:  MOVWF  38
0233:  BSF    38.7
0234:  MOVF   38,W
0235:  ADDWF  78,F
0236:  BTFSC  03.0
0237:  BSF    3F.7
0238:  RLF    3F,F
0239:  RRF    78,F
023A:  RRF    79,F
023B:  RRF    7A,F
023C:  RRF    42,F
023D:  RRF    41,F
023E:  RRF    40,F
023F:  BCF    03.0
0240:  DECFSZ 3E,F
0241:  GOTO   21D
0242:  MOVLW  01
0243:  ADDWF  77,F
0244:  BTFSC  03.0
0245:  GOTO   26A
0246:  BTFSC  78.7
0247:  GOTO   24F
0248:  RLF    42,F
0249:  RLF    7A,F
024A:  RLF    79,F
024B:  RLF    78,F
024C:  DECF   77,F
024D:  BTFSC  03.2
024E:  GOTO   26A
024F:  BTFSS  42.7
0250:  GOTO   260
0251:  INCF   7A,F
0252:  BTFSS  03.2
0253:  GOTO   260
0254:  INCF   79,F
0255:  BTFSS  03.2
0256:  GOTO   260
0257:  INCF   78,F
0258:  BTFSS  03.2
0259:  GOTO   260
025A:  RRF    78,F
025B:  RRF    79,F
025C:  RRF    7A,F
025D:  INCF   77,F
025E:  BTFSC  03.2
025F:  GOTO   26A
0260:  MOVF   37,W
0261:  MOVWF  3F
0262:  MOVF   3B,W
0263:  XORWF  3F,F
0264:  BTFSS  3F.7
0265:  GOTO   268
0266:  BSF    78.7
0267:  GOTO   26E
0268:  BCF    78.7
0269:  GOTO   26E
026A:  CLRF   77
026B:  CLRF   78
026C:  CLRF   79
026D:  CLRF   7A
026E:  RETURN
026F:  BTFSC  03.1
0270:  GOTO   274
0271:  MOVLW  3E
0272:  MOVWF  04
0273:  BCF    03.7
0274:  CLRF   77
0275:  CLRF   78
0276:  CLRF   79
0277:  CLRF   7A
0278:  CLRF   3E
0279:  CLRF   3F
027A:  CLRF   40
027B:  CLRF   41
027C:  MOVF   3D,W
027D:  IORWF  3C,W
027E:  IORWF  3B,W
027F:  IORWF  3A,W
0280:  BTFSC  03.2
0281:  GOTO   2B2
0282:  MOVLW  20
0283:  MOVWF  42
0284:  BCF    03.0
0285:  RLF    36,F
0286:  RLF    37,F
0287:  RLF    38,F
0288:  RLF    39,F
0289:  RLF    3E,F
028A:  RLF    3F,F
028B:  RLF    40,F
028C:  RLF    41,F
028D:  MOVF   3D,W
028E:  SUBWF  41,W
028F:  BTFSS  03.2
0290:  GOTO   29B
0291:  MOVF   3C,W
0292:  SUBWF  40,W
0293:  BTFSS  03.2
0294:  GOTO   29B
0295:  MOVF   3B,W
0296:  SUBWF  3F,W
0297:  BTFSS  03.2
0298:  GOTO   29B
0299:  MOVF   3A,W
029A:  SUBWF  3E,W
029B:  BTFSS  03.0
029C:  GOTO   2AC
029D:  MOVF   3A,W
029E:  SUBWF  3E,F
029F:  MOVF   3B,W
02A0:  BTFSS  03.0
02A1:  INCFSZ 3B,W
02A2:  SUBWF  3F,F
02A3:  MOVF   3C,W
02A4:  BTFSS  03.0
02A5:  INCFSZ 3C,W
02A6:  SUBWF  40,F
02A7:  MOVF   3D,W
02A8:  BTFSS  03.0
02A9:  INCFSZ 3D,W
02AA:  SUBWF  41,F
02AB:  BSF    03.0
02AC:  RLF    77,F
02AD:  RLF    78,F
02AE:  RLF    79,F
02AF:  RLF    7A,F
02B0:  DECFSZ 42,F
02B1:  GOTO   284
02B2:  MOVF   3E,W
02B3:  MOVWF  00
02B4:  INCF   04,F
02B5:  MOVF   3F,W
02B6:  MOVWF  00
02B7:  INCF   04,F
02B8:  MOVF   40,W
02B9:  MOVWF  00
02BA:  INCF   04,F
02BB:  MOVF   41,W
02BC:  MOVWF  00
02BD:  RETURN
02BE:  MOVF   04,W
02BF:  MOVWF  2E
02C0:  MOVF   2D,W
02C1:  MOVWF  30
02C2:  BTFSC  03.2
02C3:  GOTO   2DD
02C4:  MOVF   2C,W
02C5:  MOVWF  39
02C6:  MOVF   2B,W
02C7:  MOVWF  38
02C8:  MOVF   2A,W
02C9:  MOVWF  37
02CA:  MOVF   29,W
02CB:  MOVWF  36
02CC:  CLRF   3D
02CD:  CLRF   3C
02CE:  MOVLW  20
02CF:  MOVWF  3B
02D0:  MOVLW  82
02D1:  MOVWF  3A
02D2:  CALL   1FA
02D3:  MOVF   7A,W
02D4:  MOVWF  2C
02D5:  MOVF   79,W
02D6:  MOVWF  2B
02D7:  MOVF   78,W
02D8:  MOVWF  2A
02D9:  MOVF   77,W
02DA:  MOVWF  29
02DB:  DECFSZ 30,F
02DC:  GOTO   2C4
02DD:  MOVLW  7E
02DE:  MOVWF  77
02DF:  CLRF   78
02E0:  BTFSC  2A.7
02E1:  BSF    78.7
02E2:  CLRF   79
02E3:  CLRF   7A
02E4:  BCF    03.1
02E5:  MOVF   2C,W
02E6:  MOVWF  39
02E7:  MOVF   2B,W
02E8:  MOVWF  38
02E9:  MOVF   2A,W
02EA:  MOVWF  37
02EB:  MOVF   29,W
02EC:  MOVWF  36
02ED:  MOVF   7A,W
02EE:  MOVWF  3D
02EF:  MOVF   79,W
02F0:  MOVWF  3C
02F1:  MOVF   78,W
02F2:  MOVWF  3B
02F3:  MOVF   77,W
02F4:  MOVWF  3A
02F5:  MOVLW  80
02F6:  BTFSC  03.1
02F7:  XORWF  3B,F
02F8:  CLRF   40
02F9:  CLRF   41
02FA:  MOVF   37,W
02FB:  MOVWF  3F
02FC:  MOVF   3B,W
02FD:  XORWF  3F,F
02FE:  MOVF   36,W
02FF:  BTFSC  03.2
0300:  GOTO   3E5
0301:  MOVWF  3E
0302:  MOVWF  77
0303:  MOVF   3A,W
0304:  BTFSC  03.2
0305:  GOTO   3EE
0306:  SUBWF  3E,F
0307:  BTFSC  03.2
0308:  GOTO   38A
0309:  BTFSS  03.0
030A:  GOTO   348
030B:  MOVF   3B,W
030C:  MOVWF  44
030D:  BSF    44.7
030E:  MOVF   3C,W
030F:  MOVWF  43
0310:  MOVF   3D,W
0311:  MOVWF  42
0312:  CLRF   41
0313:  BCF    03.0
0314:  RRF    44,F
0315:  RRF    43,F
0316:  RRF    42,F
0317:  RRF    41,F
0318:  DECFSZ 3E,F
0319:  GOTO   312
031A:  BTFSS  3F.7
031B:  GOTO   31F
031C:  BSF    40.0
031D:  GOTO   402
031E:  BCF    40.0
031F:  BCF    3E.0
0320:  BSF    40.4
0321:  MOVLW  39
0322:  MOVWF  04
0323:  BCF    03.7
0324:  GOTO   417
0325:  BCF    40.4
0326:  BTFSC  3F.7
0327:  GOTO   332
0328:  BTFSS  3E.0
0329:  GOTO   33D
032A:  RRF    44,F
032B:  RRF    43,F
032C:  RRF    42,F
032D:  RRF    41,F
032E:  INCF   77,F
032F:  BTFSC  03.2
0330:  GOTO   3FD
0331:  GOTO   33D
0332:  BTFSC  44.7
0333:  GOTO   340
0334:  BCF    03.0
0335:  RLF    41,F
0336:  RLF    42,F
0337:  RLF    43,F
0338:  RLF    44,F
0339:  DECF   77,F
033A:  BTFSC  03.2
033B:  GOTO   3FD
033C:  GOTO   332
033D:  BSF    40.6
033E:  GOTO   3AA
033F:  BCF    40.6
0340:  MOVF   37,W
0341:  MOVWF  3F
0342:  BTFSS  3F.7
0343:  GOTO   346
0344:  BSF    44.7
0345:  GOTO   3F6
0346:  BCF    44.7
0347:  GOTO   3F6
0348:  MOVF   3A,W
0349:  MOVWF  3E
034A:  MOVWF  77
034B:  MOVF   36,W
034C:  SUBWF  3E,F
034D:  MOVF   37,W
034E:  MOVWF  44
034F:  BSF    44.7
0350:  MOVF   38,W
0351:  MOVWF  43
0352:  MOVF   39,W
0353:  MOVWF  42
0354:  CLRF   41
0355:  BCF    03.0
0356:  RRF    44,F
0357:  RRF    43,F
0358:  RRF    42,F
0359:  RRF    41,F
035A:  DECFSZ 3E,F
035B:  GOTO   354
035C:  BTFSS  3F.7
035D:  GOTO   361
035E:  BSF    40.1
035F:  GOTO   402
0360:  BCF    40.1
0361:  BCF    3E.0
0362:  BSF    40.5
0363:  MOVLW  3D
0364:  MOVWF  04
0365:  BCF    03.7
0366:  GOTO   417
0367:  BCF    40.5
0368:  BTFSC  3F.7
0369:  GOTO   374
036A:  BTFSS  3E.0
036B:  GOTO   37F
036C:  RRF    44,F
036D:  RRF    43,F
036E:  RRF    42,F
036F:  RRF    41,F
0370:  INCF   77,F
0371:  BTFSC  03.2
0372:  GOTO   3FD
0373:  GOTO   37F
0374:  BTFSC  44.7
0375:  GOTO   382
0376:  BCF    03.0
0377:  RLF    41,F
0378:  RLF    42,F
0379:  RLF    43,F
037A:  RLF    44,F
037B:  DECF   77,F
037C:  BTFSC  03.2
037D:  GOTO   3FD
037E:  GOTO   374
037F:  BSF    40.7
0380:  GOTO   3AA
0381:  BCF    40.7
0382:  MOVF   3B,W
0383:  MOVWF  3F
0384:  BTFSS  3F.7
0385:  GOTO   388
0386:  BSF    44.7
0387:  GOTO   3F6
0388:  BCF    44.7
0389:  GOTO   3F6
038A:  MOVF   3B,W
038B:  MOVWF  44
038C:  BSF    44.7
038D:  MOVF   3C,W
038E:  MOVWF  43
038F:  MOVF   3D,W
0390:  MOVWF  42
0391:  BTFSS  3F.7
0392:  GOTO   397
0393:  BCF    44.7
0394:  BSF    40.2
0395:  GOTO   402
0396:  BCF    40.2
0397:  CLRF   41
0398:  BCF    3E.0
0399:  MOVLW  39
039A:  MOVWF  04
039B:  BCF    03.7
039C:  GOTO   417
039D:  BTFSC  3F.7
039E:  GOTO   3C0
039F:  MOVF   37,W
03A0:  MOVWF  3F
03A1:  BTFSS  3E.0
03A2:  GOTO   3AA
03A3:  RRF    44,F
03A4:  RRF    43,F
03A5:  RRF    42,F
03A6:  RRF    41,F
03A7:  INCF   77,F
03A8:  BTFSC  03.2
03A9:  GOTO   3FD
03AA:  BTFSS  41.7
03AB:  GOTO   3BB
03AC:  INCF   42,F
03AD:  BTFSS  03.2
03AE:  GOTO   3BB
03AF:  INCF   43,F
03B0:  BTFSS  03.2
03B1:  GOTO   3BB
03B2:  INCF   44,F
03B3:  BTFSS  03.2
03B4:  GOTO   3BB
03B5:  RRF    44,F
03B6:  RRF    43,F
03B7:  RRF    42,F
03B8:  INCF   77,F
03B9:  BTFSC  03.2
03BA:  GOTO   3FD
03BB:  BTFSC  40.6
03BC:  GOTO   33F
03BD:  BTFSC  40.7
03BE:  GOTO   381
03BF:  GOTO   3DF
03C0:  MOVLW  80
03C1:  XORWF  44,F
03C2:  BTFSS  44.7
03C3:  GOTO   3C8
03C4:  GOTO   402
03C5:  MOVF   3B,W
03C6:  MOVWF  3F
03C7:  GOTO   3D5
03C8:  MOVF   37,W
03C9:  MOVWF  3F
03CA:  MOVF   44,F
03CB:  BTFSS  03.2
03CC:  GOTO   3D5
03CD:  MOVF   43,F
03CE:  BTFSS  03.2
03CF:  GOTO   3D5
03D0:  MOVF   42,F
03D1:  BTFSS  03.2
03D2:  GOTO   3D5
03D3:  CLRF   77
03D4:  GOTO   3F6
03D5:  BTFSC  44.7
03D6:  GOTO   3DF
03D7:  BCF    03.0
03D8:  RLF    41,F
03D9:  RLF    42,F
03DA:  RLF    43,F
03DB:  RLF    44,F
03DC:  DECFSZ 77,F
03DD:  GOTO   3D5
03DE:  GOTO   3FD
03DF:  BTFSS  3F.7
03E0:  GOTO   3E3
03E1:  BSF    44.7
03E2:  GOTO   3F6
03E3:  BCF    44.7
03E4:  GOTO   3F6
03E5:  MOVF   3A,W
03E6:  MOVWF  77
03E7:  MOVF   3B,W
03E8:  MOVWF  44
03E9:  MOVF   3C,W
03EA:  MOVWF  43
03EB:  MOVF   3D,W
03EC:  MOVWF  42
03ED:  GOTO   3F6
03EE:  MOVF   36,W
03EF:  MOVWF  77
03F0:  MOVF   37,W
03F1:  MOVWF  44
03F2:  MOVF   38,W
03F3:  MOVWF  43
03F4:  MOVF   39,W
03F5:  MOVWF  42
03F6:  MOVF   44,W
03F7:  MOVWF  78
03F8:  MOVF   43,W
03F9:  MOVWF  79
03FA:  MOVF   42,W
03FB:  MOVWF  7A
03FC:  GOTO   435
03FD:  CLRF   77
03FE:  CLRF   78
03FF:  CLRF   79
0400:  CLRF   7A
0401:  GOTO   435
0402:  CLRF   41
0403:  COMF   42,F
0404:  COMF   43,F
0405:  COMF   44,F
0406:  COMF   41,F
0407:  INCF   41,F
0408:  BTFSS  03.2
0409:  GOTO   410
040A:  INCF   42,F
040B:  BTFSS  03.2
040C:  GOTO   410
040D:  INCF   43,F
040E:  BTFSC  03.2
040F:  INCF   44,F
0410:  BTFSC  40.0
0411:  GOTO   31E
0412:  BTFSC  40.1
0413:  GOTO   360
0414:  BTFSC  40.2
0415:  GOTO   396
0416:  GOTO   3C5
0417:  MOVF   00,W
0418:  ADDWF  42,F
0419:  BTFSS  03.0
041A:  GOTO   421
041B:  INCF   43,F
041C:  BTFSS  03.2
041D:  GOTO   421
041E:  INCF   44,F
041F:  BTFSC  03.2
0420:  BSF    3E.0
0421:  DECF   04,F
0422:  MOVF   00,W
0423:  ADDWF  43,F
0424:  BTFSS  03.0
0425:  GOTO   429
0426:  INCF   44,F
0427:  BTFSC  03.2
0428:  BSF    3E.0
0429:  DECF   04,F
042A:  MOVF   00,W
042B:  BTFSS  00.7
042C:  XORLW  80
042D:  ADDWF  44,F
042E:  BTFSC  03.0
042F:  BSF    3E.0
0430:  BTFSC  40.4
0431:  GOTO   325
0432:  BTFSC  40.5
0433:  GOTO   367
0434:  GOTO   39D
0435:  MOVF   7A,W
0436:  MOVWF  2C
0437:  MOVF   79,W
0438:  MOVWF  2B
0439:  MOVF   78,W
043A:  MOVWF  2A
043B:  MOVF   77,W
043C:  MOVWF  29
043D:  MOVF   2C,W
043E:  MOVWF  39
043F:  MOVF   2B,W
0440:  MOVWF  38
0441:  MOVF   2A,W
0442:  MOVWF  37
0443:  MOVF   29,W
0444:  MOVWF  36
0445:  MOVF   36,W
0446:  SUBLW  B6
0447:  MOVWF  36
0448:  CLRF   7A
0449:  MOVF   37,W
044A:  MOVWF  3A
044B:  BSF    37.7
044C:  BCF    03.0
044D:  RRF    37,F
044E:  RRF    38,F
044F:  RRF    39,F
0450:  RRF    7A,F
0451:  RRF    79,F
0452:  RRF    78,F
0453:  RRF    77,F
0454:  DECFSZ 36,F
0455:  GOTO   44C
0456:  BTFSS  3A.7
0457:  GOTO   463
0458:  COMF   77,F
0459:  COMF   78,F
045A:  COMF   79,F
045B:  COMF   7A,F
045C:  INCF   77,F
045D:  BTFSC  03.2
045E:  INCF   78,F
045F:  BTFSC  03.2
0460:  INCF   79,F
0461:  BTFSC  03.2
0462:  INCF   7A,F
0463:  MOVF   7A,W
0464:  MOVWF  2C
0465:  MOVF   79,W
0466:  MOVWF  2B
0467:  MOVF   78,W
0468:  MOVWF  2A
0469:  MOVF   77,W
046A:  MOVWF  29
046B:  BTFSS  2C.7
046C:  GOTO   47A
046D:  DECF   2E,F
046E:  BSF    2E.5
046F:  COMF   29,F
0470:  COMF   2A,F
0471:  COMF   2B,F
0472:  COMF   2C,F
0473:  INCF   29,F
0474:  BTFSC  03.2
0475:  INCF   2A,F
0476:  BTFSC  03.2
0477:  INCF   2B,F
0478:  BTFSC  03.2
0479:  INCF   2C,F
047A:  MOVLW  3B
047B:  MOVWF  35
047C:  MOVLW  9A
047D:  MOVWF  34
047E:  MOVLW  CA
047F:  MOVWF  33
0480:  CLRF   32
0481:  MOVLW  0A
0482:  MOVWF  30
0483:  MOVF   2D,W
0484:  BTFSC  03.2
0485:  INCF   2E,F
0486:  BSF    03.1
0487:  MOVLW  29
0488:  MOVWF  04
0489:  BCF    03.7
048A:  MOVF   2C,W
048B:  MOVWF  39
048C:  MOVF   2B,W
048D:  MOVWF  38
048E:  MOVF   2A,W
048F:  MOVWF  37
0490:  MOVF   29,W
0491:  MOVWF  36
0492:  MOVF   35,W
0493:  MOVWF  3D
0494:  MOVF   34,W
0495:  MOVWF  3C
0496:  MOVF   33,W
0497:  MOVWF  3B
0498:  MOVF   32,W
0499:  MOVWF  3A
049A:  CALL   26F
049B:  MOVF   78,W
049C:  MOVF   77,F
049D:  BTFSS  03.2
049E:  GOTO   4B2
049F:  INCF   2D,W
04A0:  SUBWF  30,W
04A1:  BTFSC  03.2
04A2:  GOTO   4B2
04A3:  MOVF   2E,W
04A4:  BTFSC  03.2
04A5:  GOTO   4B4
04A6:  ANDLW  0F
04A7:  SUBWF  30,W
04A8:  BTFSC  03.2
04A9:  GOTO   4AC
04AA:  BTFSC  03.0
04AB:  GOTO   4E4
04AC:  BTFSC  2E.7
04AD:  GOTO   4E4
04AE:  BTFSC  2E.6
04AF:  GOTO   4B4
04B0:  MOVLW  20
04B1:  GOTO   4E0
04B2:  MOVLW  20
04B3:  ANDWF  2E,F
04B4:  BTFSS  2E.5
04B5:  GOTO   4C2
04B6:  BCF    2E.5
04B7:  MOVF   2D,W
04B8:  BTFSS  03.2
04B9:  DECF   2E,F
04BA:  MOVF   77,W
04BB:  MOVWF  2E
04BC:  MOVLW  2D
04BD:  MOVWF  36
04BE:  CALL   0E9
04BF:  MOVF   2E,W
04C0:  MOVWF  77
04C1:  CLRF   2E
04C2:  MOVF   2D,W
04C3:  SUBWF  30,W
04C4:  BTFSS  03.2
04C5:  GOTO   4D0
04C6:  MOVF   77,W
04C7:  MOVWF  2E
04C8:  MOVLW  2E
04C9:  MOVWF  36
04CA:  CALL   0E9
04CB:  MOVF   2E,W
04CC:  MOVWF  77
04CD:  MOVLW  20
04CE:  ANDWF  2E,F
04CF:  MOVLW  00
04D0:  MOVLW  30
04D1:  BTFSS  2E.5
04D2:  GOTO   4E0
04D3:  BCF    2E.5
04D4:  MOVF   2D,W
04D5:  BTFSS  03.2
04D6:  DECF   2E,F
04D7:  MOVF   77,W
04D8:  MOVWF  2E
04D9:  MOVLW  2D
04DA:  MOVWF  36
04DB:  CALL   0E9
04DC:  MOVF   2E,W
04DD:  MOVWF  77
04DE:  CLRF   2E
04DF:  MOVLW  30
04E0:  ADDWF  77,F
04E1:  MOVF   77,W
04E2:  MOVWF  36
04E3:  CALL   0E9
04E4:  BCF    03.1
04E5:  MOVF   35,W
04E6:  MOVWF  39
04E7:  MOVF   34,W
04E8:  MOVWF  38
04E9:  MOVF   33,W
04EA:  MOVWF  37
04EB:  MOVF   32,W
04EC:  MOVWF  36
04ED:  CLRF   3D
04EE:  CLRF   3C
04EF:  CLRF   3B
04F0:  MOVLW  0A
04F1:  MOVWF  3A
04F2:  CALL   26F
04F3:  MOVF   7A,W
04F4:  MOVWF  35
04F5:  MOVF   79,W
04F6:  MOVWF  34
04F7:  MOVF   78,W
04F8:  MOVWF  33
04F9:  MOVF   77,W
04FA:  MOVWF  32
04FB:  DECFSZ 30,F
04FC:  GOTO   486
04FD:  BCF    0A.3
04FE:  BCF    0A.4
04FF:  GOTO   565 (RETURN)
....................  
.................... #list 
....................  
.................... #device ADC=8 
.................... #FUSES XT, NOWDT, PUT,NOBROWNOUT, NOBROWNOUT, NOLVP, NOCPD, NODEBUG, PROTECT 
.................... #use delay(crystal=4000000) 
*
000A:  MOVLW  37
000B:  MOVWF  04
000C:  BCF    03.7
000D:  MOVF   00,W
000E:  BTFSC  03.2
000F:  GOTO   01E
0010:  MOVLW  01
0011:  MOVWF  78
0012:  CLRF   77
0013:  DECFSZ 77,F
0014:  GOTO   013
0015:  DECFSZ 78,F
0016:  GOTO   012
0017:  MOVLW  4A
0018:  MOVWF  77
0019:  DECFSZ 77,F
001A:  GOTO   019
001B:  GOTO   01C
001C:  DECFSZ 00,F
001D:  GOTO   010
001E:  RETURN
....................  
.................... float var = 0; 
....................  
.................... #define LCD_DATA_PORT getenv("SFR:PORTB") 
.................... #define LCD_ENABLE_PIN  PIN_B2 
.................... #define LCD_RS_PIN      PIN_B0 
.................... #define LCD_RW_PIN      PIN_B1 
.................... #define LCD_DATA4       PIN_B4 
.................... #define LCD_DATA5       PIN_B5 
.................... #define LCD_DATA6       PIN_B6 
.................... #define LCD_DATA7       PIN_B7 
.................... #include "lcd.c" 
.................... /////////////////////////////////////////////////////////////////////////////// 
.................... ////                             LCD.C                                     //// 
.................... ////                 Driver for common LCD modules                         //// 
.................... ////                                                                       //// 
.................... ////  lcd_init()   Must be called before any other function.               //// 
.................... ////                                                                       //// 
.................... ////  lcd_putc(c)  Will display c on the next position of the LCD.         //// 
.................... ////                 \a  Set cursor position to upper left                 //// 
.................... ////                 \f  Clear display, set cursor to upper left           //// 
.................... ////                 \n  Go to start of second line                        //// 
.................... ////                 \b  Move back one position                            //// 
.................... ////              If LCD_EXTENDED_NEWLINE is defined, the \n character     //// 
.................... ////              will erase all remanining characters on the current      //// 
.................... ////              line, and move the cursor to the beginning of the next   //// 
.................... ////              line.                                                    //// 
.................... ////              If LCD_EXTENDED_NEWLINE is defined, the \r character     //// 
.................... ////              will move the cursor to the start of the current         //// 
.................... ////              line.                                                    //// 
.................... ////                                                                       //// 
.................... ////  lcd_gotoxy(x,y) Set write position on LCD (upper left is 1,1)        //// 
.................... ////                                                                       //// 
.................... ////  lcd_getc(x,y)   Returns character at position x,y on LCD             //// 
.................... ////                                                                       //// 
.................... ////  lcd_cursor_on(int1 on)   Turn the cursor on (on=TRUE) or off         //// 
.................... ////              (on=FALSE).                                              //// 
.................... ////                                                                       //// 
.................... ////  lcd_set_cgram_char(w, *p)   Write a custom character to the CGRAM.   //// 
.................... ////                                                                       //// 
.................... ////                                                                       //// 
.................... ////  CONFIGURATION                                                        //// 
.................... ////  The LCD can be configured in one of two ways: a.) port access or     //// 
.................... ////  b.) pin access.  Port access requires the entire 7 bit interface     //// 
.................... ////  connected to one GPIO port, and the data bits (D4:D7 of the LCD)     //// 
.................... ////  connected to sequential pins on the GPIO.  Pin access                //// 
.................... ////  has no requirements, all 7 bits of the control interface can         //// 
.................... ////  can be connected to any GPIO using several ports.                    //// 
.................... ////                                                                       //// 
.................... ////  To use port access, #define LCD_DATA_PORT to the SFR location of     //// 
.................... ////  of the GPIO port that holds the interface, -AND- edit LCD_PIN_MAP    //// 
.................... ////  of this file to configure the pin order.  If you are using a         //// 
.................... ////  baseline PIC (PCB), then LCD_OUTPUT_MAP and LCD_INPUT_MAP also must  //// 
.................... ////  be defined.                                                          //// 
.................... ////                                                                       //// 
.................... ////  Example of port access:                                              //// 
.................... ////     #define LCD_DATA_PORT getenv("SFR:PORTD")                         //// 
.................... ////                                                                       //// 
.................... ////  To use pin access, the following pins must be defined:               //// 
.................... ////     LCD_ENABLE_PIN                                                    //// 
.................... ////     LCD_RS_PIN                                                        //// 
.................... ////     LCD_RW_PIN                                                        //// 
.................... ////     LCD_DATA4                                                         //// 
.................... ////     LCD_DATA5                                                         //// 
.................... ////     LCD_DATA6                                                         //// 
.................... ////     LCD_DATA7                                                         //// 
.................... ////                                                                       //// 
.................... ////  Example of pin access:                                               //// 
.................... ////     #define LCD_ENABLE_PIN  PIN_E0                                    //// 
.................... ////     #define LCD_RS_PIN      PIN_E1                                    //// 
.................... ////     #define LCD_RW_PIN      PIN_E2                                    //// 
.................... ////     #define LCD_DATA4       PIN_D4                                    //// 
.................... ////     #define LCD_DATA5       PIN_D5                                    //// 
.................... ////     #define LCD_DATA6       PIN_D6                                    //// 
.................... ////     #define LCD_DATA7       PIN_D7                                    //// 
.................... ////                                                                       //// 
.................... /////////////////////////////////////////////////////////////////////////////// 
.................... ////        (C) Copyright 1996,2010 Custom Computer Services           //// 
.................... //// This source code may only be used by licensed users of the CCS C  //// 
.................... //// compiler.  This source code may only be distributed to other      //// 
.................... //// licensed users of the CCS C compiler.  No other use, reproduction //// 
.................... //// or distribution is permitted without written permission.          //// 
.................... //// Derivative programs created using this software in object code    //// 
.................... //// form are not restricted in any way.                               //// 
.................... /////////////////////////////////////////////////////////////////////////// 
....................  
.................... #ifndef __LCD_C__ 
.................... #define __LCD_C__ 
....................  
.................... // define the pinout. 
.................... // only required if port access is being used. 
.................... typedef struct   
.................... {                            // This structure is overlayed 
....................    int1 enable;           // on to an I/O port to gain 
....................    int1 rs;               // access to the LCD pins. 
....................    int1 rw;               // The bits are allocated from 
....................    int1 unused;           // low order up.  ENABLE will 
....................    unsigned int     data : 4;         // be LSB pin of that port. 
....................   #if defined(__PCD__)       // The port used will be LCD_DATA_PORT. 
....................    unsigned int    reserved: 8; 
....................   #endif 
.................... } LCD_PIN_MAP; 
....................  
.................... // this is to improve compatability with previous LCD drivers that accepted 
.................... // a define labeled 'use_portb_lcd' that configured the LCD onto port B. 
.................... #if ((defined(use_portb_lcd)) && (use_portb_lcd==TRUE)) 
....................  #define LCD_DATA_PORT getenv("SFR:PORTB") 
.................... #endif 
....................  
.................... #if defined(__PCB__) 
....................    // these definitions only need to be modified for baseline PICs. 
....................    // all other PICs use LCD_PIN_MAP or individual LCD_xxx pin definitions. 
.................... /*                                    EN, RS,   RW,   UNUSED,  DATA  */ 
....................  const LCD_PIN_MAP LCD_OUTPUT_MAP =  {0,  0,    0,    0,       0}; 
....................  const LCD_PIN_MAP LCD_INPUT_MAP =   {0,  0,    0,    0,       0xF}; 
.................... #endif 
....................  
.................... ////////////////////// END CONFIGURATION /////////////////////////////////// 
....................  
.................... #ifndef LCD_ENABLE_PIN 
....................    #define lcd_output_enable(x) lcdlat.enable=x 
....................    #define lcd_enable_tris()   lcdtris.enable=0 
.................... #else 
....................    #define lcd_output_enable(x) output_bit(LCD_ENABLE_PIN, x) 
....................    #define lcd_enable_tris()  output_drive(LCD_ENABLE_PIN) 
.................... #endif 
....................  
.................... #ifndef LCD_RS_PIN 
....................    #define lcd_output_rs(x) lcdlat.rs=x 
....................    #define lcd_rs_tris()   lcdtris.rs=0 
.................... #else 
....................    #define lcd_output_rs(x) output_bit(LCD_RS_PIN, x) 
....................    #define lcd_rs_tris()  output_drive(LCD_RS_PIN) 
.................... #endif 
....................  
.................... #ifndef LCD_RW_PIN 
....................    #define lcd_output_rw(x) lcdlat.rw=x 
....................    #define lcd_rw_tris()   lcdtris.rw=0 
.................... #else 
....................    #define lcd_output_rw(x) output_bit(LCD_RW_PIN, x) 
....................    #define lcd_rw_tris()  output_drive(LCD_RW_PIN) 
.................... #endif 
....................  
.................... // original version of this library incorrectly labeled LCD_DATA0 as LCD_DATA4, 
.................... // LCD_DATA1 as LCD_DATA5, and so on.  this block of code makes the driver 
.................... // compatible with any code written for the original library 
.................... #if (defined(LCD_DATA0) && defined(LCD_DATA1) && defined(LCD_DATA2) && defined(LCD_DATA3) && !defined(LCD_DATA4) && !defined(LCD_DATA5) && !defined(LCD_DATA6) && !defined(LCD_DATA7)) 
....................    #define  LCD_DATA4    LCD_DATA0 
....................    #define  LCD_DATA5    LCD_DATA1 
....................    #define  LCD_DATA6    LCD_DATA2 
....................    #define  LCD_DATA7    LCD_DATA3 
.................... #endif 
....................  
.................... #ifndef LCD_DATA4 
.................... #ifndef LCD_DATA_PORT 
....................    #if defined(__PCB__) 
....................       #define LCD_DATA_PORT      0x06     //portb 
....................       #define set_tris_lcd(x)   set_tris_b(x) 
....................    #else 
....................      #if defined(PIN_D0) 
....................       #define LCD_DATA_PORT      getenv("SFR:PORTD")     //portd 
....................      #else 
....................       #define LCD_DATA_PORT      getenv("SFR:PORTB")     //portb 
....................      #endif 
....................    #endif    
.................... #endif 
....................  
.................... #if defined(__PCB__) 
....................    LCD_PIN_MAP lcd, lcdlat; 
....................    #byte lcd = LCD_DATA_PORT 
....................    #byte lcdlat = LCD_DATA_PORT 
.................... #elif defined(__PCM__) 
....................    LCD_PIN_MAP lcd, lcdlat, lcdtris; 
....................    #byte lcd = LCD_DATA_PORT 
....................    #byte lcdlat = LCD_DATA_PORT 
....................    #byte lcdtris = LCD_DATA_PORT+0x80 
.................... #elif defined(__PCH__) 
....................    LCD_PIN_MAP lcd, lcdlat, lcdtris; 
....................    #byte lcd = LCD_DATA_PORT 
....................    #byte lcdlat = LCD_DATA_PORT+9 
....................    #byte lcdtris = LCD_DATA_PORT+0x12 
.................... #elif defined(__PCD__) 
....................    LCD_PIN_MAP lcd, lcdlat, lcdtris; 
....................    #word lcd = LCD_DATA_PORT 
....................    #word lcdlat = LCD_DATA_PORT+2 
....................    #word lcdtris = LCD_DATA_PORT-0x02 
.................... #endif 
.................... #endif   //LCD_DATA4 not defined 
....................  
.................... #ifndef LCD_TYPE 
....................    #define LCD_TYPE 2           // 0=5x7, 1=5x10, 2=2 lines 
.................... #endif 
....................  
.................... #ifndef LCD_LINE_TWO 
....................    #define LCD_LINE_TWO 0x40    // LCD RAM address for the second line 
.................... #endif 
....................  
.................... #ifndef LCD_LINE_LENGTH 
....................    #define LCD_LINE_LENGTH 20 
.................... #endif 
....................  
.................... unsigned int8 lcd_read_nibble(void); 
....................  
.................... unsigned int8 lcd_read_byte(void) 
.................... { 
....................    unsigned int8 low,high; 
....................  
....................  #if defined(__PCB__) 
....................    set_tris_lcd(LCD_INPUT_MAP); 
....................  #else 
....................   #if (defined(LCD_DATA4) && defined(LCD_DATA5) && defined(LCD_DATA6) && defined(LCD_DATA7)) 
....................    output_float(LCD_DATA4); 
*
0083:  BSF    06.4
....................    output_float(LCD_DATA5); 
0084:  BSF    06.5
....................    output_float(LCD_DATA6); 
0085:  BSF    06.6
....................    output_float(LCD_DATA7); 
0086:  BSF    06.7
....................   #else 
....................    lcdtris.data = 0xF; 
....................   #endif 
....................  #endif 
....................          
....................    lcd_output_rw(1); 
0087:  BCF    03.5
0088:  BSF    06.1
0089:  BSF    03.5
008A:  BCF    06.1
....................    delay_cycles(1); 
008B:  NOP
....................    lcd_output_enable(1); 
008C:  BCF    03.5
008D:  BSF    06.2
008E:  BSF    03.5
008F:  BCF    06.2
....................    delay_cycles(1); 
0090:  NOP
....................    high = lcd_read_nibble(); 
0091:  BCF    03.5
0092:  CALL   04A
0093:  MOVF   78,W
0094:  MOVWF  3E
....................        
....................    lcd_output_enable(0); 
0095:  BCF    06.2
0096:  BSF    03.5
0097:  BCF    06.2
....................    delay_cycles(1); 
0098:  NOP
....................    lcd_output_enable(1); 
0099:  BCF    03.5
009A:  BSF    06.2
009B:  BSF    03.5
009C:  BCF    06.2
....................    delay_us(1); 
009D:  NOP
....................    low = lcd_read_nibble(); 
009E:  BCF    03.5
009F:  CALL   04A
00A0:  MOVF   78,W
00A1:  MOVWF  3D
....................        
....................    lcd_output_enable(0); 
00A2:  BCF    06.2
00A3:  BSF    03.5
00A4:  BCF    06.2
....................  
....................  #if defined(__PCB__) 
....................    set_tris_lcd(LCD_OUTPUT_MAP); 
....................  #else 
....................   #if (defined(LCD_DATA4) && defined(LCD_DATA5) && defined(LCD_DATA6) && defined(LCD_DATA7)) 
....................    output_drive(LCD_DATA4); 
00A5:  BCF    06.4
....................    output_drive(LCD_DATA5); 
00A6:  BCF    06.5
....................    output_drive(LCD_DATA6); 
00A7:  BCF    06.6
....................    output_drive(LCD_DATA7); 
00A8:  BCF    06.7
....................   #else 
....................    lcdtris.data = 0x0; 
....................   #endif 
....................  #endif 
....................  
....................    return( (high<<4) | low); 
00A9:  BCF    03.5
00AA:  SWAPF  3E,W
00AB:  MOVWF  77
00AC:  MOVLW  F0
00AD:  ANDWF  77,F
00AE:  MOVF   77,W
00AF:  IORWF  3D,W
00B0:  MOVWF  78
.................... } 
....................  
.................... unsigned int8 lcd_read_nibble(void) 
.................... { 
....................   #if (defined(LCD_DATA4) && defined(LCD_DATA5) && defined(LCD_DATA6) && defined(LCD_DATA7)) 
*
004A:  CLRF   3F
....................    unsigned int8 n = 0x00; 
....................  
....................    /* Read the data port */ 
....................    n |= input(LCD_DATA4); 
004B:  BSF    03.5
004C:  BSF    06.4
004D:  MOVLW  00
004E:  BCF    03.5
004F:  BTFSC  06.4
0050:  MOVLW  01
0051:  IORWF  3F,F
....................    n |= input(LCD_DATA5) << 1; 
0052:  BSF    03.5
0053:  BSF    06.5
0054:  MOVLW  00
0055:  BCF    03.5
0056:  BTFSC  06.5
0057:  MOVLW  01
0058:  MOVWF  77
0059:  BCF    03.0
005A:  RLF    77,F
005B:  MOVF   77,W
005C:  IORWF  3F,F
....................    n |= input(LCD_DATA6) << 2; 
005D:  BSF    03.5
005E:  BSF    06.6
005F:  MOVLW  00
0060:  BCF    03.5
0061:  BTFSC  06.6
0062:  MOVLW  01
0063:  MOVWF  77
0064:  RLF    77,F
0065:  RLF    77,F
0066:  MOVLW  FC
0067:  ANDWF  77,F
0068:  MOVF   77,W
0069:  IORWF  3F,F
....................    n |= input(LCD_DATA7) << 3; 
006A:  BSF    03.5
006B:  BSF    06.7
006C:  MOVLW  00
006D:  BCF    03.5
006E:  BTFSC  06.7
006F:  MOVLW  01
0070:  MOVWF  77
0071:  RLF    77,F
0072:  RLF    77,F
0073:  RLF    77,F
0074:  MOVLW  F8
0075:  ANDWF  77,F
0076:  MOVF   77,W
0077:  IORWF  3F,F
....................     
....................    return(n); 
0078:  MOVF   3F,W
0079:  MOVWF  78
....................   #else 
007A:  RETURN
....................    return(lcd.data); 
....................   #endif 
.................... } 
....................  
.................... void lcd_send_nibble(unsigned int8 n) 
.................... { 
....................   #if (defined(LCD_DATA4) && defined(LCD_DATA5) && defined(LCD_DATA6) && defined(LCD_DATA7)) 
....................    /* Write to the data port */ 
....................    output_bit(LCD_DATA4, bit_test(n, 0)); 
*
001F:  BTFSC  3E.0
0020:  GOTO   023
0021:  BCF    06.4
0022:  GOTO   024
0023:  BSF    06.4
0024:  BSF    03.5
0025:  BCF    06.4
....................    output_bit(LCD_DATA5, bit_test(n, 1)); 
0026:  BCF    03.5
0027:  BTFSC  3E.1
0028:  GOTO   02B
0029:  BCF    06.5
002A:  GOTO   02C
002B:  BSF    06.5
002C:  BSF    03.5
002D:  BCF    06.5
....................    output_bit(LCD_DATA6, bit_test(n, 2)); 
002E:  BCF    03.5
002F:  BTFSC  3E.2
0030:  GOTO   033
0031:  BCF    06.6
0032:  GOTO   034
0033:  BSF    06.6
0034:  BSF    03.5
0035:  BCF    06.6
....................    output_bit(LCD_DATA7, bit_test(n, 3)); 
0036:  BCF    03.5
0037:  BTFSC  3E.3
0038:  GOTO   03B
0039:  BCF    06.7
003A:  GOTO   03C
003B:  BSF    06.7
003C:  BSF    03.5
003D:  BCF    06.7
....................   #else       
....................    lcdlat.data = n; 
....................   #endif 
....................        
....................    delay_cycles(1); 
003E:  NOP
....................    lcd_output_enable(1); 
003F:  BCF    03.5
0040:  BSF    06.2
0041:  BSF    03.5
0042:  BCF    06.2
....................    delay_us(2); 
0043:  GOTO   044
....................    lcd_output_enable(0); 
0044:  BCF    03.5
0045:  BCF    06.2
0046:  BSF    03.5
0047:  BCF    06.2
0048:  BCF    03.5
0049:  RETURN
.................... } 
....................  
.................... void lcd_send_byte(unsigned int8 address, unsigned int8 n) 
.................... { 
....................   #if defined(__PCB__) 
....................    set_tris_lcd(LCD_OUTPUT_MAP); 
....................   #else 
....................    lcd_enable_tris(); 
*
007B:  BSF    03.5
007C:  BCF    06.2
....................    lcd_rs_tris(); 
007D:  BCF    06.0
....................    lcd_rw_tris(); 
007E:  BCF    06.1
....................   #endif 
....................  
....................    lcd_output_rs(0); 
007F:  BCF    03.5
0080:  BCF    06.0
0081:  BSF    03.5
0082:  BCF    06.0
....................    while ( bit_test(lcd_read_byte(),7) ) ; 
*
00B1:  MOVF   78,W
00B2:  MOVWF  3D
00B3:  BTFSS  3D.7
00B4:  GOTO   0B7
00B5:  BSF    03.5
00B6:  GOTO   083
....................    lcd_output_rs(address); 
00B7:  MOVF   3B,F
00B8:  BTFSS  03.2
00B9:  GOTO   0BC
00BA:  BCF    06.0
00BB:  GOTO   0BD
00BC:  BSF    06.0
00BD:  BSF    03.5
00BE:  BCF    06.0
....................    delay_cycles(1); 
00BF:  NOP
....................    lcd_output_rw(0); 
00C0:  BCF    03.5
00C1:  BCF    06.1
00C2:  BSF    03.5
00C3:  BCF    06.1
....................    delay_cycles(1); 
00C4:  NOP
....................    lcd_output_enable(0); 
00C5:  BCF    03.5
00C6:  BCF    06.2
00C7:  BSF    03.5
00C8:  BCF    06.2
....................    lcd_send_nibble(n >> 4); 
00C9:  BCF    03.5
00CA:  SWAPF  3C,W
00CB:  MOVWF  3D
00CC:  MOVLW  0F
00CD:  ANDWF  3D,F
00CE:  MOVF   3D,W
00CF:  MOVWF  3E
00D0:  CALL   01F
....................    lcd_send_nibble(n & 0xf); 
00D1:  MOVF   3C,W
00D2:  ANDLW  0F
00D3:  MOVWF  3D
00D4:  MOVWF  3E
00D5:  CALL   01F
00D6:  RETURN
.................... } 
....................  
.................... #if defined(LCD_EXTENDED_NEWLINE) 
.................... unsigned int8 g_LcdX, g_LcdY; 
.................... #endif 
....................  
.................... void lcd_init(void)  
.................... { 
....................    unsigned int8 i; 
....................    unsigned int8 LCD_INIT_STRING[4] = {0x20 | (LCD_TYPE << 2), 0xc, 1, 6}; 
*
0125:  MOVLW  28
0126:  MOVWF  26
0127:  MOVLW  0C
0128:  MOVWF  27
0129:  MOVLW  01
012A:  MOVWF  28
012B:  MOVLW  06
012C:  MOVWF  29
....................                              // These bytes need to be sent to the LCD 
....................                              // to start it up. 
....................     
....................  
....................    lcd_output_enable(0); 
012D:  BCF    06.2
012E:  BSF    03.5
012F:  BCF    06.2
....................    lcd_output_rs(0); 
0130:  BCF    03.5
0131:  BCF    06.0
0132:  BSF    03.5
0133:  BCF    06.0
....................    lcd_output_rw(0); 
0134:  BCF    03.5
0135:  BCF    06.1
0136:  BSF    03.5
0137:  BCF    06.1
....................  
....................  #if defined(__PCB__) 
....................    set_tris_lcd(LCD_OUTPUT_MAP); 
....................  #else 
....................   #if (defined(LCD_DATA4) && defined(LCD_DATA5) && defined(LCD_DATA6) && defined(LCD_DATA7)) 
....................    output_drive(LCD_DATA4); 
0138:  BCF    06.4
....................    output_drive(LCD_DATA5); 
0139:  BCF    06.5
....................    output_drive(LCD_DATA6); 
013A:  BCF    06.6
....................    output_drive(LCD_DATA7); 
013B:  BCF    06.7
....................   #else 
....................    lcdtris.data = 0x0; 
....................   #endif 
....................    lcd_enable_tris(); 
013C:  BCF    06.2
....................    lcd_rs_tris(); 
013D:  BCF    06.0
....................    lcd_rw_tris(); 
013E:  BCF    06.1
....................  #endif 
....................      
....................    delay_ms(15); 
013F:  MOVLW  0F
0140:  BCF    03.5
0141:  MOVWF  37
0142:  CALL   00A
....................    for(i=1;i<=3;++i) 
0143:  MOVLW  01
0144:  MOVWF  25
0145:  MOVF   25,W
0146:  SUBLW  03
0147:  BTFSS  03.0
0148:  GOTO   151
....................    { 
....................        lcd_send_nibble(3); 
0149:  MOVLW  03
014A:  MOVWF  3E
014B:  CALL   01F
....................        delay_ms(5); 
014C:  MOVLW  05
014D:  MOVWF  37
014E:  CALL   00A
014F:  INCF   25,F
0150:  GOTO   145
....................    } 
....................     
....................    lcd_send_nibble(2); 
0151:  MOVLW  02
0152:  MOVWF  3E
0153:  CALL   01F
....................    delay_ms(5); 
0154:  MOVLW  05
0155:  MOVWF  37
0156:  CALL   00A
....................    for(i=0;i<=3;++i) 
0157:  CLRF   25
0158:  MOVF   25,W
0159:  SUBLW  03
015A:  BTFSS  03.0
015B:  GOTO   168
....................       lcd_send_byte(0,LCD_INIT_STRING[i]); 
015C:  MOVLW  26
015D:  ADDWF  25,W
015E:  MOVWF  04
015F:  BCF    03.7
0160:  MOVF   00,W
0161:  MOVWF  2A
0162:  CLRF   3B
0163:  MOVF   2A,W
0164:  MOVWF  3C
0165:  CALL   07B
....................  
....................   #if defined(LCD_EXTENDED_NEWLINE) 
0166:  INCF   25,F
0167:  GOTO   158
....................    g_LcdX = 0; 
....................    g_LcdY = 0; 
....................   #endif 
.................... } 
....................  
.................... void lcd_gotoxy(unsigned int8 x, unsigned int8 y) 
.................... { 
....................    unsigned int8 address; 
....................     
....................    if(y!=1) 
*
00D7:  DECFSZ 38,W
00D8:  GOTO   0DA
00D9:  GOTO   0DD
....................       address=LCD_LINE_TWO; 
00DA:  MOVLW  40
00DB:  MOVWF  39
00DC:  GOTO   0DE
....................    else 
....................       address=0; 
00DD:  CLRF   39
....................       
....................    address+=x-1; 
00DE:  MOVLW  01
00DF:  SUBWF  37,W
00E0:  ADDWF  39,F
....................    lcd_send_byte(0,0x80|address); 
00E1:  MOVF   39,W
00E2:  IORLW  80
00E3:  MOVWF  3A
00E4:  CLRF   3B
00E5:  MOVF   3A,W
00E6:  MOVWF  3C
00E7:  CALL   07B
....................  
....................   #if defined(LCD_EXTENDED_NEWLINE) 
00E8:  RETURN
....................    g_LcdX = x - 1; 
....................    g_LcdY = y - 1; 
....................   #endif 
.................... } 
....................  
.................... void lcd_putc(char c) 
.................... { 
....................    switch (c) 
00E9:  MOVF   36,W
00EA:  XORLW  07
00EB:  BTFSC  03.2
00EC:  GOTO   0F7
00ED:  XORLW  0B
00EE:  BTFSC  03.2
00EF:  GOTO   0FC
00F0:  XORLW  06
00F1:  BTFSC  03.2
00F2:  GOTO   104
00F3:  XORLW  02
00F4:  BTFSC  03.2
00F5:  GOTO   10A
00F6:  GOTO   10F
....................    { 
....................       case '\a'   :  lcd_gotoxy(1,1);     break; 
00F7:  MOVLW  01
00F8:  MOVWF  37
00F9:  MOVWF  38
00FA:  CALL   0D7
00FB:  GOTO   114
....................  
....................       case '\f'   :  lcd_send_byte(0,1); 
00FC:  CLRF   3B
00FD:  MOVLW  01
00FE:  MOVWF  3C
00FF:  CALL   07B
....................                      delay_ms(2); 
0100:  MOVLW  02
0101:  MOVWF  37
0102:  CALL   00A
....................                     #if defined(LCD_EXTENDED_NEWLINE) 
....................                      g_LcdX = 0; 
....................                      g_LcdY = 0; 
....................                     #endif 
....................                      break; 
0103:  GOTO   114
....................  
....................      #if defined(LCD_EXTENDED_NEWLINE) 
....................       case '\r'   :  lcd_gotoxy(1, g_LcdY+1);   break; 
....................       case '\n'   : 
....................          while (g_LcdX++ < LCD_LINE_LENGTH) 
....................          { 
....................             lcd_send_byte(1, ' '); 
....................          } 
....................          lcd_gotoxy(1, g_LcdY+2); 
....................          break; 
....................      #else 
....................       case '\n'   : lcd_gotoxy(1,2);        break; 
0104:  MOVLW  01
0105:  MOVWF  37
0106:  MOVLW  02
0107:  MOVWF  38
0108:  CALL   0D7
0109:  GOTO   114
....................      #endif 
....................       
....................       case '\b'   : lcd_send_byte(0,0x10);  break; 
010A:  CLRF   3B
010B:  MOVLW  10
010C:  MOVWF  3C
010D:  CALL   07B
010E:  GOTO   114
....................       
....................      #if defined(LCD_EXTENDED_NEWLINE) 
....................       default     :  
....................          if (g_LcdX < LCD_LINE_LENGTH) 
....................          { 
....................             lcd_send_byte(1, c); 
....................             g_LcdX++; 
....................          } 
....................          break; 
....................      #else 
....................       default     : lcd_send_byte(1,c);     break; 
010F:  MOVLW  01
0110:  MOVWF  3B
0111:  MOVF   36,W
0112:  MOVWF  3C
0113:  CALL   07B
....................      #endif 
....................    } 
0114:  RETURN
.................... } 
....................   
.................... char lcd_getc(unsigned int8 x, unsigned int8 y) 
.................... { 
....................    char value; 
....................  
....................    lcd_gotoxy(x,y); 
....................    while ( bit_test(lcd_read_byte(),7) ); // wait until busy flag is low 
....................    lcd_output_rs(1); 
....................    value = lcd_read_byte(); 
....................    lcd_output_rs(0); 
....................     
....................    return(value); 
.................... } 
....................  
.................... // write a custom character to the ram 
.................... // which is 0-7 and specifies which character array we are modifying. 
.................... // ptr points to an array of 8 bytes, where each byte is the next row of 
.................... //    pixels.  only bits 0-4 are used.  the last row is the cursor row, and 
.................... //    usually you will want to leave this byte 0x00. 
.................... void lcd_set_cgram_char(unsigned int8 which, unsigned int8 *ptr) 
.................... { 
....................    unsigned int i; 
....................  
....................    which <<= 3; 
....................    which &= 0x38; 
....................  
....................    lcd_send_byte(0, 0x40 | which);  //set cgram address 
....................  
....................    for(i=0; i<8; i++) 
....................    { 
....................       lcd_send_byte(1, *ptr++); 
....................    } 
....................    
....................    #if defined(LCD_EXTENDED_NEWLINE) 
....................     lcd_gotoxy(g_LcdX+1, g_LcdY+1);  //set ddram address 
....................    #endif 
.................... } 
....................  
.................... void lcd_cursor_on(int1 on) 
.................... { 
....................    if (on) 
....................    { 
....................       lcd_send_byte(0,0x0F);           //turn LCD cursor ON 
....................    } 
....................    else 
....................    { 
....................       lcd_send_byte(0,0x0C);           //turn LCD cursor OFF 
....................    } 
.................... } 
....................  
.................... #endif 
....................  
....................  
.................... void sys(){ 
....................    output_a(0); 
0115:  BSF    03.5
0116:  CLRF   05
0117:  BCF    03.5
0118:  CLRF   05
....................    output_b(0); 
0119:  BSF    03.5
011A:  CLRF   06
011B:  BCF    03.5
011C:  CLRF   06
....................    set_tris_a(0b000001); 
011D:  MOVLW  01
011E:  BSF    03.5
011F:  MOVWF  05
....................    set_tris_b(0); 
0120:  MOVLW  00
0121:  MOVWF  06
....................    set_tris_c(0); 
0122:  MOVWF  07
0123:  BCF    03.5
0124:  MOVWF  24
....................    lcd_init(); 
....................    lcd_putc('\f'); 
*
0168:  MOVLW  0C
0169:  MOVWF  36
016A:  CALL   0E9
....................     
....................    setup_adc(ADC_CLOCK_INTERNAL); 
016B:  BSF    03.5
016C:  BCF    1F.6
016D:  BCF    03.5
016E:  BSF    1F.6
016F:  BSF    1F.7
0170:  BSF    03.5
0171:  BCF    1F.7
0172:  BCF    03.5
0173:  BSF    1F.0
....................    setup_adc_ports(AN0); 
0174:  BSF    03.5
0175:  BCF    1F.0
0176:  BSF    1F.1
0177:  BSF    1F.2
0178:  BSF    1F.3
....................    set_adc_channel(0); 
0179:  MOVLW  00
017A:  MOVWF  78
017B:  BCF    03.5
017C:  MOVF   1F,W
017D:  ANDLW  C7
017E:  IORWF  78,W
017F:  MOVWF  1F
0180:  BCF    0A.3
0181:  BCF    0A.4
0182:  GOTO   513 (RETURN)
.................... } 
....................  
.................... void lcd_clear(){ 
....................    delay_ms(1000); 
....................     
.................... } 
....................  
....................  
.................... // char intro[10] = "ADC LINE 1" 
....................  
....................  
....................  
.................... void main(){ 
*
0500:  MOVF   03,W
0501:  ANDLW  1F
0502:  MOVWF  03
0503:  CLRF   23
0504:  CLRF   22
0505:  CLRF   21
0506:  CLRF   20
0507:  MOVLW  FF
0508:  MOVWF  24
0509:  BSF    03.5
050A:  BSF    1F.0
050B:  BSF    1F.1
050C:  BSF    1F.2
050D:  BCF    1F.3
050E:  MOVLW  07
050F:  MOVWF  1C
0510:  BCF    03.7
....................    sys(); 
0511:  BCF    03.5
0512:  GOTO   115
....................  
....................    while(TRUE){ 
....................       
....................        
....................       lcd_gotoxy(1,1); 
0513:  MOVLW  01
0514:  MOVWF  37
0515:  MOVWF  38
0516:  CALL   0D7
....................       lcd_putc("ADC LINE 1"); 
0517:  MOVLW  04
0518:  BSF    03.6
0519:  MOVWF  0D
051A:  MOVLW  00
051B:  MOVWF  0F
051C:  BCF    03.6
051D:  GOTO   183
....................       delay_ms(1000); 
051E:  MOVLW  04
051F:  MOVWF  25
0520:  MOVLW  FA
0521:  MOVWF  37
0522:  CALL   00A
0523:  DECFSZ 25,F
0524:  GOTO   520
....................       lcd_putc('\n'); 
0525:  MOVLW  0A
0526:  MOVWF  36
0527:  CALL   0E9
....................       lcd_gotoxy(1,2); 
0528:  MOVLW  01
0529:  MOVWF  37
052A:  MOVLW  02
052B:  MOVWF  38
052C:  CALL   0D7
....................       var = read_adc(); 
052D:  BSF    1F.2
052E:  BTFSC  1F.2
052F:  GOTO   52E
0530:  MOVF   1E,W
0531:  CLRF   26
0532:  MOVWF  25
0533:  GOTO   1DB
0534:  MOVF   7A,W
0535:  MOVWF  23
0536:  MOVF   79,W
0537:  MOVWF  22
0538:  MOVF   78,W
0539:  MOVWF  21
053A:  MOVF   77,W
053B:  MOVWF  20
....................       delay_ms(100); 
053C:  MOVLW  64
053D:  MOVWF  37
053E:  CALL   00A
....................        
....................       printf(lcd_putc "%g", var * 0.0196); 
053F:  MOVF   23,W
0540:  MOVWF  39
0541:  MOVF   22,W
0542:  MOVWF  38
0543:  MOVF   21,W
0544:  MOVWF  37
0545:  MOVF   20,W
0546:  MOVWF  36
0547:  MOVLW  2E
0548:  MOVWF  3D
0549:  MOVLW  90
054A:  MOVWF  3C
054B:  MOVLW  20
054C:  MOVWF  3B
054D:  MOVLW  79
054E:  MOVWF  3A
054F:  CALL   1FA
0550:  MOVF   7A,W
0551:  MOVWF  28
0552:  MOVF   79,W
0553:  MOVWF  27
0554:  MOVF   78,W
0555:  MOVWF  26
0556:  MOVF   77,W
0557:  MOVWF  25
0558:  MOVLW  89
0559:  MOVWF  04
055A:  MOVF   7A,W
055B:  MOVWF  2C
055C:  MOVF   79,W
055D:  MOVWF  2B
055E:  MOVF   78,W
055F:  MOVWF  2A
0560:  MOVF   77,W
0561:  MOVWF  29
0562:  MOVLW  02
0563:  MOVWF  2D
0564:  GOTO   2BE
....................       delay_ms(1000); 
0565:  MOVLW  04
0566:  MOVWF  25
0567:  MOVLW  FA
0568:  MOVWF  37
0569:  CALL   00A
056A:  DECFSZ 25,F
056B:  GOTO   567
056C:  GOTO   513
....................        
....................    } 
....................  
.................... } 
056D:  SLEEP

Configuration Fuses:
   Word  1: 1F31   XT NOWDT PUT NOBROWNOUT NOLVP NOCPD NOWRT NODEBUG PROTECT
