
ROM used:   187/1024 (18%)
            187/1024 (18%) including unused fragments

            0.4 Average locations per line
            5.3 Average locations per statement

RAM used:   14/68 (21%) at main() level
            16/68 (24%) worst case

Stack used: 3 worst case (2 in main + 1 for interrupts)
Stack size: 8

Lines Stmts  %   Files
----- ----- ---  -----
   21    15  43  interupt.c
   42    20  57  interupt.h
  404     0   0  ..\..\..\..\..\..\Program Files (x86)\PICC\Devices\16F84A.h
----- -----
  467    35 Total

Page ROM  %  RAM   Vol Diff  Functions:
---- --- --- ---   --- ----  ----------
0     20  11    1             @delay_ms1
0      5   3    0    33  1.3  isrext
0     32  17    1   204  3.2  run_interrupt
0     27  14    0   195  1.4  sys
0     49  26    1   299  2.8  MAIN
 Inline         0   197  1.8  @cinit1

Program metrics:
    Functions               5
    Statements              35
    Comments                69
    Volume (V)              1363
    Difficulty (D)          10.6
    Effort to implement (E) 14501
    Time to implement (T)   13 minutes
    Est Delivered Bugs (B)  0
    Cyclomatic Complexity   5
    Maintainability (MI)    85

 Segment     Used  Free
-----------  ----  ----
00000-00003     4  0  
00004-00035    50  0  
00036-003FF   133  837  



