CCS PCM C Compiler, Version 5.015, 5967               06-Jun-25 22:04

               Filename:   C:\Users\Ahmed Olalekan\Desktop\practice\Opstep\interuppt\interupt.lst

               ROM used:   172 words (17%)
                           Largest free fragment is 852
               RAM used:   14 (21%) at main() level
                           16 (24%) worst case
               Stack used: 3 locations (2 in main + 1 for interrupts)
               Stack size: 8

*
0000:  MOVLW  00
0001:  MOVWF  0A
0002:  GOTO   08D
0003:  NOP
0004:  BTFSC  03.5
0005:  GOTO   00A
0006:  MOVWF  10
0007:  SWAPF  03,W
0008:  MOVWF  11
0009:  GOTO   00F
000A:  BCF    03.5
000B:  MOVWF  10
000C:  SWAPF  03,W
000D:  MOVWF  11
000E:  BSF    11.1
000F:  MOVF   0A,W
0010:  MOVWF  17
0011:  CLRF   0A
0012:  BCF    03.7
0013:  SWAPF  10,F
0014:  MOVF   04,W
0015:  MOVWF  12
0016:  MOVF   0C,W
0017:  MOVWF  13
0018:  MOVF   0D,W
0019:  MOVWF  14
001A:  MOVF   0E,W
001B:  MOVWF  15
001C:  MOVF   0F,W
001D:  MOVWF  16
001E:  BCF    03.5
001F:  BTFSS  0B.4
0020:  GOTO   023
0021:  BTFSC  0B.1
0022:  GOTO   036
0023:  MOVF   12,W
0024:  MOVWF  04
0025:  MOVF   13,W
0026:  MOVWF  0C
0027:  MOVF   14,W
0028:  MOVWF  0D
0029:  MOVF   15,W
002A:  MOVWF  0E
002B:  MOVF   16,W
002C:  MOVWF  0F
002D:  MOVF   17,W
002E:  MOVWF  0A
002F:  SWAPF  11,W
0030:  MOVWF  03
0031:  BCF    03.5
0032:  SWAPF  10,W
0033:  BTFSC  11.1
0034:  BSF    03.5
0035:  RETFIE
.................... #include "interupt.h" 
.................... #include <16F84A.h> 
.................... //////////// Standard Header file for the PIC16F84A device //////////////// 
.................... /////////////////////////////////////////////////////////////////////////// 
.................... ////        (C) Copyright 1996, 2013 Custom Computer Services          //// 
.................... //// This source code may only be used by licensed users of the CCS C  //// 
.................... //// compiler.  This source code may only be distributed to other      //// 
.................... //// licensed users of the CCS C compiler.  No other use, reproduction //// 
.................... //// or distribution is permitted without written permission.          //// 
.................... //// Derivative programs created using this software in object code    //// 
.................... //// form are not restricted in any way.                               //// 
.................... /////////////////////////////////////////////////////////////////////////// 
.................... #device PIC16F84A 
....................  
.................... #list 
....................  
....................  
.................... #FUSES XT,NOWDT,PUT,PROTECT 
.................... #use delay(crystal=4000000) 
*
0056:  MOVLW  1B
0057:  MOVWF  04
0058:  MOVF   00,W
0059:  BTFSC  03.2
005A:  GOTO   069
005B:  MOVLW  01
005C:  MOVWF  0D
005D:  CLRF   0C
005E:  DECFSZ 0C,F
005F:  GOTO   05E
0060:  DECFSZ 0D,F
0061:  GOTO   05D
0062:  MOVLW  4A
0063:  MOVWF  0C
0064:  DECFSZ 0C,F
0065:  GOTO   064
0066:  GOTO   067
0067:  DECFSZ 00,F
0068:  GOTO   05B
0069:  RETURN
....................  
.................... unsigned int1 flag = FALSE; 
....................  
.................... void run_interrupt(void); 
....................  
.................... #int_ext 
.................... void isrext() { 
....................    disable_interrupts(int_ext); 
*
0036:  BCF    0B.4
....................    flag = TRUE; 
0037:  BSF    18.0
....................    // clear_interrupt(int_ext); 
0038:  BCF    0B.1
0039:  BCF    0A.3
003A:  GOTO   023
.................... } 
....................  
.................... void run_interrupt(void){ 
....................  
....................    flag = FALSE; 
*
006A:  BCF    18.0
....................    unsigned int8 y = 0; 
006B:  CLRF   19
....................    for(y = 0; y < 7; y++){ 
006C:  CLRF   19
006D:  MOVF   19,W
006E:  SUBLW  06
006F:  BTFSS  03.0
0070:  GOTO   08C
....................       output_high(pin_b7); 
0071:  BSF    03.5
0072:  BCF    06.7
0073:  BCF    03.5
0074:  BSF    06.7
....................       delay_ms(500); 
0075:  MOVLW  02
0076:  MOVWF  1A
0077:  MOVLW  FA
0078:  MOVWF  1B
0079:  CALL   056
007A:  DECFSZ 1A,F
007B:  GOTO   077
....................       output_low(pin_b7); 
007C:  BSF    03.5
007D:  BCF    06.7
007E:  BCF    03.5
007F:  BCF    06.7
....................       delay_ms(500); 
0080:  MOVLW  02
0081:  MOVWF  1A
0082:  MOVLW  FA
0083:  MOVWF  1B
0084:  CALL   056
0085:  DECFSZ 1A,F
0086:  GOTO   082
....................       flag = TRUE; 
0087:  BSF    18.0
....................       clear_interrupt(int_ext); 
0088:  BCF    0B.1
....................       enable_interrupts(int_ext); 
0089:  BSF    0B.4
008A:  INCF   19,F
008B:  GOTO   06D
....................    } 
008C:  GOTO   094 (RETURN)
.................... } 
....................  
.................... void sys(){ 
....................  
....................    output_a(0); 
*
003B:  BSF    03.5
003C:  CLRF   05
003D:  BCF    03.5
003E:  CLRF   05
....................    output_b(0); 
003F:  BSF    03.5
0040:  CLRF   06
0041:  BCF    03.5
0042:  CLRF   06
....................    set_tris_a(0b00000); 
0043:  MOVLW  00
0044:  BSF    03.5
0045:  MOVWF  05
....................    set_tris_b(0b00000011); 
0046:  MOVLW  03
0047:  MOVWF  06
....................    output_a(0); 
0048:  CLRF   05
0049:  BCF    03.5
004A:  CLRF   05
....................    output_b(0); 
004B:  BSF    03.5
004C:  CLRF   06
004D:  BCF    03.5
004E:  CLRF   06
....................    clear_interrupt(int_ext); 
004F:  BCF    0B.1
....................    ext_int_edge(h_to_l); 
0050:  BSF    03.5
0051:  BCF    01.6
....................    enable_interrupts(int_ext); 
0052:  BCF    03.5
0053:  BSF    0B.4
....................    enable_interrupts(global); 
0054:  BSF    0B.7
0055:  GOTO   092 (RETURN)
.................... } 
....................  
....................  
....................  
....................  
.................... void main() 
*
008D:  MOVF   03,W
008E:  ANDLW  1F
008F:  MOVWF  03
0090:  BCF    18.0
.................... { 
....................    sys(); 
0091:  GOTO   03B
....................    while(TRUE) 
....................    { 
....................       if(flag) run_interrupt(); 
0092:  BTFSC  18.0
0093:  GOTO   06A
....................        
....................       output_high(PIN_A0); 
0094:  BSF    03.5
0095:  BCF    05.0
0096:  BCF    03.5
0097:  BSF    05.0
....................       delay_ms(1000); 
0098:  MOVLW  04
0099:  MOVWF  19
009A:  MOVLW  FA
009B:  MOVWF  1B
009C:  CALL   056
009D:  DECFSZ 19,F
009E:  GOTO   09A
....................       output_low(PIN_A0); 
009F:  BSF    03.5
00A0:  BCF    05.0
00A1:  BCF    03.5
00A2:  BCF    05.0
....................       delay_ms(1000); 
00A3:  MOVLW  04
00A4:  MOVWF  19
00A5:  MOVLW  FA
00A6:  MOVWF  1B
00A7:  CALL   056
00A8:  DECFSZ 19,F
00A9:  GOTO   0A5
00AA:  GOTO   092
....................        
....................    } 
.................... } 
....................  
00AB:  SLEEP

Configuration Fuses:
   Word  1: 0001   XT NOWDT PUT PROTECT
