
ROM used:   2293/8192 (28%)
            2384/8192 (29%) including unused fragments

            1.3 Average locations per line
            4.6 Average locations per statement

RAM used:   32/368 (9%) at main() level
            75/368 (20%) worst case

Stack used: 7 worst case (6 in main + 1 for interrupts)
Stack size: 8

Lines Stmts  %   Files
----- ----- ---  -----
   48    32   6  _rtcc.c
  594   369  74  _rtcc.h
  620     0   0  ..\..\..\..\..\..\Program Files (x86)\PICC\Devices\16F876A.h
  456   100  20  ..\..\..\..\..\..\Program Files (x86)\PICC\Drivers\lcd.c
----- -----
 1718   501 Total

Page ROM  %  RAM   Vol Diff  Functions:
---- --- --- ---   --- ----  ----------
 Inline         3   873  5.6  @I2C_READ_1
0     74   3    1   873  5.6  @I2C_WRITE_1
0     21   1    1   873  5.6  @delay_ms1
 Inline         3   760  4.5  lcd_read_byte
0     37   2    2   262  3.7  lcd_read_nibble
0     25   1    1   399  2.4  lcd_send_nibble
0     67   3    3   415  3.7  lcd_send_byte
 Inline         6   852  6.2  lcd_init
0     18   1    4   208  6.3  lcd_gotoxy
0     44   2    1   354  4.7  lcd_putc
0     10   0    0    72  2.7  isrext
0     87   4    0   310  1.4  sys_init
0     54   2    4   133  4.5  bcd_to_decimal
 Inline         2   873  5.6  @MUL88
0     21   1    3   873  5.6  @DIV88
0     22   1    4   131  5.1  decimal_to_bcd
0     86   4   44   157  3.8  day_of_the_weeks
0    139   6    2   238  2.5  read_register
0     42   2    2   134  2.0  store_register
0     13   1    0    92  2.5  read_seconds
 Inline         0    78  2.5  store_seconds
0     66   3    1   644  6.1  set_seconds
0     87   4    6   873  5.6  @PRINTF_D0_649
0      7   0    0   873  5.6  @const705
0     14   1    0    92  2.5  read_minutes
 Inline         0    78  2.5  store_minutes
0     68   3    1   644  6.1  set_minutes
0     36   2    3   109  2.9  set_am_pm
0      7   0    0   873  5.6  @const713
0      7   0    0   873  5.6  @const714
0     49   2    3   580  5.0  read_hours
 Inline         2   380  6.6  store_hours
0    208   9    4  3157  8.8  set_hours
0     22   1    2   873  5.6  @PSTRINGR_649
0     26   1    0   192  3.2  read_days
 Inline         0   120  3.0  store_days
0     91   4    1   838  6.7  set_days
0     15   1    0    92  2.5  read_dates
 Inline         0    78  2.5  store_dates
0     70   3    1   644  6.1  set_dates
0     15   1    0    92  2.5  read_months
 Inline         0    78  2.5  store_months
0     70   3    1   644  6.1  set_months
0     13   1    0    92  2.5  read_years
 Inline         0    78  2.5  store_years
0     68   3    1   644  6.1  set_years
0    124   5    4   467  2.8  IDLE
0     87   4    6   873  5.6  @PRINTF_D_649
1    137   6    0   123  1.7  save
1    186   8    1   907  5.2  MAIN
1     13   1    0    38  1.2  @goto11173
 Inline         0    38  1.2  @cinit1

Program metrics:
    Functions               52
    Statements              501
    Comments                231
    Volume (V)              47637
    Difficulty (D)          222.7
    Effort to implement (E) 10610054
    Time to implement (T)   163 hours, 44 minutes
    Est Delivered Bugs (B)  16
    Cyclomatic Complexity   171
    Maintainability (MI)    92

 Segment     Used  Free
-----------  ----  ----
00000-00003     4  0  
00004-0002E    43  0  
0002F-007FF  1910  91  
00800-00FFF   336  1712  
01000-017FF     0  2048  
01800-01FFF     0  2048  



