CCS PCM C Compiler, Version 5.015, 5967               25-May-25 12:39

               Filename:   C:\Users\Ahmed Olalekan\Desktop\practice\Opstep\Timer\timer.lst

               ROM used:   186 words (18%)
                           Largest free fragment is 838
               RAM used:   14 (21%) at main() level
                           19 (28%) worst case
               Stack used: 3 locations (1 in main + 2 for interrupts)
               Stack size: 8

*
0000:  MOVLW  00
0001:  MOVWF  0A
0002:  GOTO   09B
0003:  NOP
0004:  BTFSC  03.5
0005:  GOTO   00A
0006:  MOVWF  10
0007:  SWAPF  03,W
0008:  MOVWF  11
0009:  GOTO   00F
000A:  BCF    03.5
000B:  MOVWF  10
000C:  SWAPF  03,W
000D:  MOVWF  11
000E:  BSF    11.1
000F:  MOVF   0A,W
0010:  MOVWF  17
0011:  CLRF   0A
0012:  BCF    03.7
0013:  SWAPF  10,F
0014:  MOVF   04,W
0015:  MOVWF  12
0016:  MOVF   0C,W
0017:  MOVWF  13
0018:  MOVF   0D,W
0019:  MOVWF  14
001A:  MOVF   0E,W
001B:  MOVWF  15
001C:  MOVF   0F,W
001D:  MOVWF  16
001E:  BCF    03.5
001F:  BTFSS  0B.5
0020:  GOTO   023
0021:  BTFSC  0B.2
0022:  GOTO   059
0023:  MOVF   12,W
0024:  MOVWF  04
0025:  MOVF   13,W
0026:  MOVWF  0C
0027:  MOVF   14,W
0028:  MOVWF  0D
0029:  MOVF   15,W
002A:  MOVWF  0E
002B:  MOVF   16,W
002C:  MOVWF  0F
002D:  MOVF   17,W
002E:  MOVWF  0A
002F:  SWAPF  11,W
0030:  MOVWF  03
0031:  BCF    03.5
0032:  SWAPF  10,W
0033:  BTFSC  11.1
0034:  BSF    03.5
0035:  RETFIE
.................... #include "timer.h" 
.................... #include <16F84A.h> 
.................... //////////// Standard Header file for the PIC16F84A device //////////////// 
.................... /////////////////////////////////////////////////////////////////////////// 
.................... ////        (C) Copyright 1996, 2013 Custom Computer Services          //// 
.................... //// This source code may only be used by licensed users of the CCS C  //// 
.................... //// compiler.  This source code may only be distributed to other      //// 
.................... //// licensed users of the CCS C compiler.  No other use, reproduction //// 
.................... //// or distribution is permitted without written permission.          //// 
.................... //// Derivative programs created using this software in object code    //// 
.................... //// form are not restricted in any way.                               //// 
.................... /////////////////////////////////////////////////////////////////////////// 
.................... #device PIC16F84A 
0036:  BCF    0A.0
0037:  BCF    0A.1
0038:  BCF    0A.2
0039:  ADDWF  02,F
003A:  RETLW  3F
003B:  RETLW  06
003C:  RETLW  5B
003D:  RETLW  4F
003E:  RETLW  66
003F:  RETLW  6D
0040:  RETLW  7D
0041:  RETLW  07
0042:  RETLW  7F
0043:  RETLW  6F
0044:  MOVF   1D,W
0045:  CLRF   0D
0046:  SUBWF  1C,W
0047:  BTFSC  03.0
0048:  GOTO   04C
0049:  MOVF   1C,W
004A:  MOVWF  0C
004B:  GOTO   058
004C:  CLRF   0C
004D:  MOVLW  08
004E:  MOVWF  1E
004F:  RLF    1C,F
0050:  RLF    0C,F
0051:  MOVF   1D,W
0052:  SUBWF  0C,W
0053:  BTFSC  03.0
0054:  MOVWF  0C
0055:  RLF    0D,F
0056:  DECFSZ 1E,F
0057:  GOTO   04F
0058:  RETURN
....................  
.................... #list 
....................  
.................... #fuses XT, NOWDT, PUT, PROTECT 
.................... #use delay(crystal=4000000) 
.................... #use fast_io(a) 
.................... #use fast_io(b) 
....................  
.................... #define inc     pin_a3 
.................... #define dec     pin_a4 
.................... #define unit_en pin_a0 
.................... #define tens_en pin_a1 
....................  
.................... unsigned int8 biggi = 0; 
.................... unsigned int8 flag = 0; 
....................  
.................... inline static unsigned int8 display(unsigned int8 digit) { 
....................    const unsigned int8 SEGMENTS[10] = { 
....................       0b00111111, 
....................       0b00000110, 
....................       0b01011011, 
....................       0b01001111, 
....................       0b01100110, 
....................       0b01101101, 
....................       0b01111101, 
....................       0b00000111, 
....................       0b01111111, 
....................       0b01101111 
....................    }; 
....................    return SEGMENTS[digit]; 
*
0071:  MOVF   1C,W
0072:  CALL   036
0073:  MOVWF  0D
0074:  MOVWF  0D
*
007D:  MOVF   1C,W
007E:  CALL   036
007F:  MOVWF  0D
0080:  MOVWF  0D
.................... } 
....................  
.................... #int_timer0 
.................... void isrtimer0() { 
....................    set_timer0(100); 
*
0059:  MOVLW  64
005A:  MOVWF  01
....................  
....................    unsigned int8 unit = biggi % 10; 
....................    unsigned int8 tens = biggi / 10; 
005B:  MOVF   18,W
005C:  MOVWF  1C
005D:  MOVLW  0A
005E:  MOVWF  1D
005F:  CALL   044
0060:  MOVF   0C,W
0061:  MOVWF  1A
0062:  MOVF   18,W
0063:  MOVWF  1C
0064:  MOVLW  0A
0065:  MOVWF  1D
0066:  CALL   044
0067:  MOVF   0D,W
0068:  MOVWF  1B
....................  
....................    flag = ~flag; 
0069:  COMF   19,F
....................  
....................  
....................    if(flag == 0) { 
006A:  MOVF   19,F
006B:  BTFSS  03.2
006C:  GOTO   079
....................     
....................       output_high(unit_en); 
006D:  BSF    05.0
....................       output_high(tens_en); 
006E:  BSF    05.1
....................       output_b(display(unit)); 
006F:  MOVF   1A,W
0070:  MOVWF  1C
*
0075:  MOVF   0D,W
0076:  MOVWF  06
....................       output_low(unit_en); 
0077:  BCF    05.0
....................    } else { 
0078:  GOTO   084
....................       output_high(unit_en); 
0079:  BSF    05.0
....................       output_high(tens_en); 
007A:  BSF    05.1
....................       output_b(display(tens)); 
007B:  MOVF   1B,W
007C:  MOVWF  1C
*
0081:  MOVF   0D,W
0082:  MOVWF  06
....................       output_low(tens_en); 
0083:  BCF    05.1
....................    } 
0084:  BCF    0B.2
0085:  BCF    0A.3
0086:  GOTO   023
.................... } 
....................  
.................... void sys() { 
....................    set_tris_a(0b11000); 
0087:  MOVLW  18
0088:  BSF    03.5
0089:  MOVWF  05
....................    set_tris_b(0); 
008A:  MOVLW  00
008B:  MOVWF  06
....................    output_a(0); 
008C:  BCF    03.5
008D:  CLRF   05
....................    output_b(0); 
008E:  CLRF   06
....................  
....................    setup_timer_0(T0_INTERNAL | T0_DIV_64 | T0_8_BIT); 
008F:  BSF    03.5
0090:  MOVF   01,W
0091:  ANDLW  C0
0092:  IORLW  05
0093:  MOVWF  01
....................    set_timer0(100); 
0094:  MOVLW  64
0095:  BCF    03.5
0096:  MOVWF  01
....................  
....................    clear_interrupt(INT_TIMER0); 
0097:  BCF    0B.2
....................    enable_interrupts(INT_TIMER0); 
0098:  BSF    0B.5
....................    enable_interrupts(GLOBAL); 
0099:  BSF    0B.7
009A:  GOTO   0A1 (RETURN)
.................... } 
....................  
....................  
.................... void main() { 
009B:  MOVF   03,W
009C:  ANDLW  1F
009D:  MOVWF  03
009E:  CLRF   18
009F:  CLRF   19
....................    sys(); 
00A0:  GOTO   087
....................    while(TRUE) { 
....................       if (!input(inc)) { 
00A1:  BTFSC  05.3
00A2:  GOTO   0AA
....................           while (!input(inc)); 
00A3:  BTFSS  05.3
00A4:  GOTO   0A3
....................         // if (!input(inc)) 
....................             biggi++; 
00A5:  INCF   18,F
....................             if (biggi > 99) biggi = 0; 
00A6:  MOVF   18,W
00A7:  SUBLW  63
00A8:  BTFSS  03.0
00A9:  CLRF   18
....................          } 
....................  
....................       if (!input(dec)) { 
00AA:  BTFSC  05.4
00AB:  GOTO   0B8
....................              while (!input(dec)); 
00AC:  BTFSS  05.4
00AD:  GOTO   0AC
....................              if ((biggi < 1) || (biggi > 99)) biggi = 0; 
00AE:  MOVF   18,F
00AF:  BTFSC  03.2
00B0:  GOTO   0B5
00B1:  MOVF   18,W
00B2:  SUBLW  63
00B3:  BTFSC  03.0
00B4:  GOTO   0B7
00B5:  CLRF   18
00B6:  GOTO   0B8
....................               else 
....................               biggi--; 
00B7:  DECF   18,F
....................          } 
00B8:  GOTO   0A1
....................    } 
.................... } 
....................  
00B9:  SLEEP

Configuration Fuses:
   Word  1: 0001   XT NOWDT PUT PROTECT
