
ROM used:   108/1024 (11%)
            108/1024 (11%) including unused fragments

            0.2 Average locations per line
            3.4 Average locations per statement

RAM used:   4/68 (6%) at main() level
            6/68 (9%) worst case

Stack used: 2 worst case (2 in main + 0 for interrupts)
Stack size: 8

Lines Stmts  %   Files
----- ----- ---  -----
   13     4  12  traffic_light.c
   51    28  88  traffic_light.h
  404     0   0  ..\..\..\..\..\..\Program Files (x86)\PICC\Devices\16F84A.h
----- -----
  468    32 Total

Page ROM  %  RAM   Vol Diff  Functions:
---- --- --- ---   --- ----  ----------
0     20  19    1             @delay_ms1
0     20  19    0   106  1.3  sys
0     57  53    1   195  1.4  traffic_2
0      7   6    0    38  1.2  MAIN
 Inline         0             @cinit1

Program metrics:
    Functions               3
    Statements              32
    Comments                70
    Volume (V)              458
    Difficulty (D)          4.1
    Effort to implement (E) 1865
    Time to implement (T)   2 minutes
    Est Delivered Bugs (B)  0
    Cyclomatic Complexity   1
    Maintainability (MI)    153

 Segment     Used  Free
-----------  ----  ----
00000-00003     4  0  
00004-003FF   104  916  



