
ROM used:   136/1024 (13%)
            136/1024 (13%) including unused fragments

            0.3 Average locations per line
            11.3 Average locations per statement

RAM used:   5/68 (7%) at main() level
            7/68 (10%) worst case

Stack used: 2 worst case (2 in main + 0 for interrupts)
Stack size: 8

Lines Stmts  %   Files
----- ----- ---  -----
   13     5  42  serial_con1.c
   22     7  58  serial_con1.h
  404     0   0  ..\..\..\..\..\..\Program Files (x86)\PICC\Devices\16F84A.h
----- -----
  439    12 Total

Page ROM  %  RAM   Vol Diff  Functions:
---- --- --- ---   --- ----  ----------
0     34  25    1    14  0.8  @PUTCHAR_1_
0     37  27    1             @GETCH_1_
0     32  24    1   130  1.2  sys
0     12   9    0    14  0.8  @const509
0     17  12    0    67  1.9  MAIN
 Inline         0             @cinit1

Program metrics:
    Functions               4
    Statements              12
    Comments                69
    Volume (V)              330
    Difficulty (D)          5.0
    Effort to implement (E) 1637
    Time to implement (T)   2 minutes
    Est Delivered Bugs (B)  0
    Cyclomatic Complexity   1
    Maintainability (MI)    138

 Segment     Used  Free
-----------  ----  ----
00000-00003     4  0  
00004-003FF   132  888  



