CCS PCM C Compiler, Version 5.015, 5967               22-May-25 17:19

               Filename:   C:\Users\Ahmed Olalekan\Desktop\practice\Opstep\serial_com\serial_con.lst

               ROM used:   377 words (5%)
                           Largest free fragment is 2048
               RAM used:   9 (2%) at main() level
                           12 (3%) worst case
               Stack used: 2 locations
               Stack size: 8

*
0000:  MOVLW  01
0001:  MOVWF  0A
0002:  GOTO   148
0003:  NOP
.................... #include <serial_con.h> 
.................... #include <16F876A.h> 
.................... //////////// Standard Header file for the PIC16F876A device //////////////// 
.................... /////////////////////////////////////////////////////////////////////////// 
.................... ////        (C) Copyright 1996, 2013 Custom Computer Services          //// 
.................... //// This source code may only be used by licensed users of the CCS C  //// 
.................... //// compiler.  This source code may only be distributed to other      //// 
.................... //// licensed users of the CCS C compiler.  No other use, reproduction //// 
.................... //// or distribution is permitted without written permission.          //// 
.................... //// Derivative programs created using this software in object code    //// 
.................... //// form are not restricted in any way.                               //// 
.................... /////////////////////////////////////////////////////////////////////////// 
.................... #device PIC16F876A 
0004:  DATA D7,32
0005:  DATA EC,31
0006:  DATA EF,36
0007:  DATA 65,00
0008:  DATA 54,34
0009:  DATA E9,39
000A:  DATA A0,34
000B:  DATA 73,10
000C:  DATA 74,34
000D:  DATA 65,10
000E:  DATA F3,32
000F:  DATA E3,37
0010:  DATA 6E,32
0011:  DATA 20,36
0012:  DATA 69,37
0013:  DATA 65,00
0014:  DATA D7,32
0015:  DATA EC,31
0016:  DATA EF,36
0017:  DATA 65,00
*
0053:  MOVF   0B,W
0054:  MOVWF  23
0055:  BCF    0B.7
0056:  BSF    03.5
0057:  BSF    03.6
0058:  BSF    0C.7
0059:  BSF    0C.0
005A:  NOP
005B:  NOP
005C:  BCF    03.5
005D:  BCF    03.6
005E:  BTFSC  23.7
005F:  BSF    0B.7
0060:  BSF    03.6
0061:  MOVF   0C,W
0062:  ANDLW  7F
0063:  BTFSC  03.2
0064:  GOTO   0A9
0065:  BCF    03.6
0066:  MOVWF  23
0067:  BSF    03.6
0068:  MOVF   0D,W
0069:  BCF    03.6
006A:  MOVWF  24
006B:  BSF    03.6
006C:  MOVF   0F,W
006D:  BCF    03.6
006E:  MOVWF  25
006F:  MOVF   23,W
0070:  BTFSS  0C.4
0071:  GOTO   070
0072:  MOVWF  19
0073:  MOVF   24,W
0074:  BSF    03.6
0075:  MOVWF  0D
0076:  BCF    03.6
0077:  MOVF   25,W
0078:  BSF    03.6
0079:  MOVWF  0F
007A:  BCF    03.6
007B:  MOVF   0B,W
007C:  MOVWF  26
007D:  BCF    0B.7
007E:  BSF    03.5
007F:  BSF    03.6
0080:  BSF    0C.7
0081:  BSF    0C.0
0082:  NOP
0083:  NOP
0084:  BCF    03.5
0085:  BCF    03.6
0086:  BTFSC  26.7
0087:  BSF    0B.7
0088:  BSF    03.6
0089:  RLF    0C,W
008A:  RLF    0E,W
008B:  ANDLW  7F
008C:  BTFSC  03.2
008D:  GOTO   0A9
008E:  BCF    03.6
008F:  MOVWF  23
0090:  BSF    03.6
0091:  MOVF   0D,W
0092:  BCF    03.6
0093:  MOVWF  24
0094:  BSF    03.6
0095:  MOVF   0F,W
0096:  BCF    03.6
0097:  MOVWF  25
0098:  MOVF   23,W
0099:  BTFSS  0C.4
009A:  GOTO   099
009B:  MOVWF  19
009C:  MOVF   24,W
009D:  BSF    03.6
009E:  MOVWF  0D
009F:  BCF    03.6
00A0:  MOVF   25,W
00A1:  BSF    03.6
00A2:  MOVWF  0F
00A3:  INCF   0D,F
00A4:  BTFSC  03.2
00A5:  INCF   0F,F
00A6:  BCF    03.6
00A7:  GOTO   053
00A8:  BSF    03.6
00A9:  BCF    03.6
00AA:  RETURN
*
00D4:  MOVF   21,W
00D5:  MOVWF  04
00D6:  BCF    03.7
00D7:  BTFSC  22.0
00D8:  BSF    03.7
00D9:  MOVF   26,W
00DA:  MOVWF  00
00DB:  INCF   04,F
00DC:  CLRF   00
00DD:  INCF   21,F
00DE:  BTFSC  03.2
00DF:  INCF   22,F
00E0:  RETURN
*
00F1:  BCF    03.6
00F2:  MOVF   0B,W
00F3:  MOVWF  23
00F4:  BCF    0B.7
00F5:  BSF    03.5
00F6:  BSF    03.6
00F7:  BSF    0C.7
00F8:  BSF    0C.0
00F9:  NOP
00FA:  NOP
00FB:  BCF    03.5
00FC:  BCF    03.6
00FD:  BTFSC  23.7
00FE:  BSF    0B.7
00FF:  BSF    03.6
0100:  MOVF   0C,W
0101:  ANDLW  7F
0102:  BTFSC  03.2
0103:  GOTO   144
0104:  BCF    03.6
0105:  MOVWF  23
0106:  BSF    03.6
0107:  MOVF   0D,W
0108:  BCF    03.6
0109:  MOVWF  24
010A:  BSF    03.6
010B:  MOVF   0F,W
010C:  BCF    03.6
010D:  MOVWF  25
010E:  MOVF   23,W
010F:  MOVWF  26
0110:  CALL   0D4
0111:  MOVF   24,W
0112:  BSF    03.6
0113:  MOVWF  0D
0114:  BCF    03.6
0115:  MOVF   25,W
0116:  BSF    03.6
0117:  MOVWF  0F
0118:  BCF    03.6
0119:  MOVF   0B,W
011A:  MOVWF  26
011B:  BCF    0B.7
011C:  BSF    03.5
011D:  BSF    03.6
011E:  BSF    0C.7
011F:  BSF    0C.0
0120:  NOP
0121:  NOP
0122:  BCF    03.5
0123:  BCF    03.6
0124:  BTFSC  26.7
0125:  BSF    0B.7
0126:  BSF    03.6
0127:  RLF    0C,W
0128:  RLF    0E,W
0129:  ANDLW  7F
012A:  BTFSC  03.2
012B:  GOTO   144
012C:  BCF    03.6
012D:  MOVWF  23
012E:  BSF    03.6
012F:  MOVF   0D,W
0130:  BCF    03.6
0131:  MOVWF  24
0132:  BSF    03.6
0133:  MOVF   0F,W
0134:  BCF    03.6
0135:  MOVWF  25
0136:  MOVF   23,W
0137:  MOVWF  26
0138:  CALL   0D4
0139:  MOVF   24,W
013A:  BSF    03.6
013B:  MOVWF  0D
013C:  BCF    03.6
013D:  MOVF   25,W
013E:  BSF    03.6
013F:  MOVWF  0F
0140:  INCF   0D,F
0141:  BTFSC  03.2
0142:  INCF   0F,F
0143:  GOTO   0F1
....................  
.................... #list 
....................  
....................  
.................... #FUSES XT, NOWDT, PUT, NOBROWNOUT, NOLVP, CPD, NODEBUG, PROTECT 
.................... #use delay(crystal=4000000) 
*
003C:  MOVLW  24
003D:  MOVWF  04
003E:  BCF    03.7
003F:  MOVF   00,W
0040:  BTFSC  03.2
0041:  GOTO   050
0042:  MOVLW  01
0043:  MOVWF  78
0044:  CLRF   77
0045:  DECFSZ 77,F
0046:  GOTO   045
0047:  DECFSZ 78,F
0048:  GOTO   044
0049:  MOVLW  4A
004A:  MOVWF  77
004B:  DECFSZ 77,F
004C:  GOTO   04B
004D:  GOTO   04E
004E:  DECFSZ 00,F
004F:  GOTO   042
0050:  BCF    0A.3
0051:  BCF    0A.4
0052:  GOTO   172 (RETURN)
.................... #use rs232(UART1) 
.................... #use rs232(baud=9600, parity=N, xmit=pin_a0, rcv=pin_a1, stream=stream) 
....................  
.................... void sys(){ 
....................    output_a(0); 
*
0018:  BSF    03.5
0019:  CLRF   05
001A:  BCF    03.5
001B:  CLRF   05
....................    output_b(0); 
001C:  BSF    03.5
001D:  CLRF   06
001E:  BCF    03.5
001F:  CLRF   06
....................    output_c(0); 
0020:  MOVLW  00
0021:  MOVWF  20
0022:  BSF    03.5
0023:  CLRF   07
0024:  BCF    03.5
0025:  CLRF   07
....................    set_tris_a(0b000010); 
0026:  MOVLW  02
0027:  BSF    03.5
0028:  MOVWF  05
....................    set_tris_b(0); 
0029:  MOVLW  00
002A:  MOVWF  06
....................    set_tris_c(0); 
002B:  MOVWF  07
002C:  BCF    03.5
002D:  MOVWF  20
....................    output_a(0); 
002E:  BSF    03.5
002F:  CLRF   05
0030:  BCF    03.5
0031:  CLRF   05
....................    output_b(0); 
0032:  BSF    03.5
0033:  CLRF   06
0034:  BCF    03.5
0035:  CLRF   06
....................    output_c(0); 
0036:  MOVWF  20
0037:  BSF    03.5
0038:  CLRF   07
0039:  BCF    03.5
003A:  CLRF   07
003B:  RETURN
.................... } 
....................  
.................... void display() { 
....................  
....................    putc(254); 
*
00AB:  MOVLW  FE
00AC:  BTFSS  0C.4
00AD:  GOTO   0AC
00AE:  MOVWF  19
....................    putc(1); 
00AF:  MOVLW  01
00B0:  BTFSS  0C.4
00B1:  GOTO   0B0
00B2:  MOVWF  19
....................    putc(254); 
00B3:  MOVLW  FE
00B4:  BTFSS  0C.4
00B5:  GOTO   0B4
00B6:  MOVWF  19
....................    putc(00); 
00B7:  MOVLW  00
00B8:  BTFSS  0C.4
00B9:  GOTO   0B8
00BA:  MOVWF  19
....................    printf("Welcome"); 
00BB:  MOVLW  04
00BC:  BSF    03.6
00BD:  MOVWF  0D
00BE:  MOVLW  00
00BF:  MOVWF  0F
00C0:  BCF    03.6
00C1:  CALL   053
....................    putc(254); 
00C2:  MOVLW  FE
00C3:  BTFSS  0C.4
00C4:  GOTO   0C3
00C5:  MOVWF  19
....................    putc(192); 
00C6:  MOVLW  C0
00C7:  BTFSS  0C.4
00C8:  GOTO   0C7
00C9:  MOVWF  19
....................    printf("This is the second line"); 
00CA:  MOVLW  08
00CB:  BSF    03.6
00CC:  MOVWF  0D
00CD:  MOVLW  00
00CE:  MOVWF  0F
00CF:  BCF    03.6
00D0:  CALL   053
00D1:  BCF    0A.3
00D2:  BCF    0A.4
00D3:  GOTO   176 (RETURN)
.................... } 
....................  
.................... void display_v() { 
....................    output_high(pin_a0); 
*
00E1:  BSF    03.5
00E2:  BCF    05.0
00E3:  BCF    03.5
00E4:  BSF    05.0
....................    output_high(pin_a1); 
00E5:  BSF    03.5
00E6:  BCF    05.1
00E7:  BCF    03.5
00E8:  BSF    05.1
....................    Sprintf(stream, "Welcome"); 
00E9:  CLRF   22
00EA:  MOVLW  02
00EB:  MOVWF  21
00EC:  MOVLW  14
00ED:  BSF    03.6
00EE:  MOVWF  0D
00EF:  MOVLW  00
00F0:  MOVWF  0F
*
0144:  BCF    03.6
0145:  BCF    0A.3
0146:  BCF    0A.4
0147:  GOTO   177 (RETURN)
.................... } 
....................  
....................  
....................  
....................  
....................  
....................  
.................... void main() 
0148:  MOVF   03,W
0149:  ANDLW  1F
014A:  MOVWF  03
014B:  MOVLW  19
014C:  BSF    03.5
014D:  MOVWF  19
014E:  MOVLW  A6
014F:  MOVWF  18
0150:  MOVLW  90
0151:  BCF    03.5
0152:  MOVWF  18
0153:  BSF    03.5
0154:  BCF    05.0
0155:  BCF    03.5
0156:  BSF    05.0
0157:  MOVLW  FF
0158:  MOVWF  20
0159:  CLRF   22
015A:  CLRF   21
015B:  BSF    03.5
015C:  BSF    1F.0
015D:  BSF    1F.1
015E:  BSF    1F.2
015F:  BCF    1F.3
0160:  MOVLW  07
0161:  MOVWF  1C
0162:  BCF    03.7
.................... { 
....................     
....................    sys(); 
0163:  BCF    03.5
0164:  CALL   018
....................    setup_uart(9600); 
0165:  MOVLW  19
0166:  BSF    03.5
0167:  MOVWF  19
0168:  MOVLW  A6
0169:  MOVWF  18
016A:  MOVLW  90
016B:  BCF    03.5
016C:  MOVWF  18
....................    delay_ms(1000); 
016D:  MOVLW  04
016E:  MOVWF  23
016F:  MOVLW  FA
0170:  MOVWF  24
0171:  GOTO   03C
0172:  DECFSZ 23,F
0173:  GOTO   16F
....................    sys(); 
0174:  CALL   018
....................    display(); 
0175:  GOTO   0AB
....................    display_v(); 
0176:  GOTO   0E1
....................  
....................    while(TRUE) 
....................    { 
0177:  GOTO   177
....................        
....................       //TODO: User Code 
....................    } 
....................  
.................... } 
0178:  SLEEP

Configuration Fuses:
   Word  1: 1E31   XT NOWDT PUT NOBROWNOUT NOLVP CPD NOWRT NODEBUG PROTECT
